Archive member included to satisfy reference by file (symbol)

/Users/TroyKurniawan/Documents/MCUXpressoIDE_10.0.2/workspace/CMSIS_CORE_LPC17xx/Debug/libCMSIS_CORE_LPC17xx.a(system_LPC17xx.o)
                              ./src/cr_startup_lpc175x_6x.o (SystemInit)
/Applications/MCUXpressoIDE_10.0.2_411/ide/tools/bin/../lib/gcc/arm-none-eabi/5.4.1/../../../../arm-none-eabi/lib/armv7-m/libcr_semihost.a(_cr__main.o)
                              ./src/cr_startup_lpc175x_6x.o (__main)
/Applications/MCUXpressoIDE_10.0.2_411/ide/tools/bin/../lib/gcc/arm-none-eabi/5.4.1/../../../../arm-none-eabi/lib/armv7-m/libcr_c.a(fpprintf.o)
                              ./src/SSP_Test.o (printf)
/Applications/MCUXpressoIDE_10.0.2_411/ide/tools/bin/../lib/gcc/arm-none-eabi/5.4.1/../../../../arm-none-eabi/lib/armv7-m/libcr_c.a(initio.o)
                              /Applications/MCUXpressoIDE_10.0.2_411/ide/tools/bin/../lib/gcc/arm-none-eabi/5.4.1/../../../../arm-none-eabi/lib/armv7-m/libcr_semihost.a(_cr__main.o) (_initio)
/Applications/MCUXpressoIDE_10.0.2_411/ide/tools/bin/../lib/gcc/arm-none-eabi/5.4.1/../../../../arm-none-eabi/lib/armv7-m/libcr_c.a(printf.o)
                              /Applications/MCUXpressoIDE_10.0.2_411/ide/tools/bin/../lib/gcc/arm-none-eabi/5.4.1/../../../../arm-none-eabi/lib/armv7-m/libcr_c.a(fpprintf.o) (__vfprintf)
/Applications/MCUXpressoIDE_10.0.2_411/ide/tools/bin/../lib/gcc/arm-none-eabi/5.4.1/../../../../arm-none-eabi/lib/armv7-m/libcr_c.a(scanf.o)
                              ./src/SSP_Test.o (scanf)
/Applications/MCUXpressoIDE_10.0.2_411/ide/tools/bin/../lib/gcc/arm-none-eabi/5.4.1/../../../../arm-none-eabi/lib/armv7-m/libcr_c.a(setvbuf.o)
                              /Applications/MCUXpressoIDE_10.0.2_411/ide/tools/bin/../lib/gcc/arm-none-eabi/5.4.1/../../../../arm-none-eabi/lib/armv7-m/libcr_c.a(initio.o) (setvbuf)
/Applications/MCUXpressoIDE_10.0.2_411/ide/tools/bin/../lib/gcc/arm-none-eabi/5.4.1/../../../../arm-none-eabi/lib/armv7-m/libcr_c.a(strlen.o)
                              /Applications/MCUXpressoIDE_10.0.2_411/ide/tools/bin/../lib/gcc/arm-none-eabi/5.4.1/../../../../arm-none-eabi/lib/armv7-m/libcr_c.a(printf.o) (strlen)
/Applications/MCUXpressoIDE_10.0.2_411/ide/tools/bin/../lib/gcc/arm-none-eabi/5.4.1/../../../../arm-none-eabi/lib/armv7-m/libcr_c.a(ungetc.o)
                              /Applications/MCUXpressoIDE_10.0.2_411/ide/tools/bin/../lib/gcc/arm-none-eabi/5.4.1/../../../../arm-none-eabi/lib/armv7-m/libcr_c.a(scanf.o) (ungetc)
/Applications/MCUXpressoIDE_10.0.2_411/ide/tools/bin/../lib/gcc/arm-none-eabi/5.4.1/../../../../arm-none-eabi/lib/armv7-m/libcr_c.a(memset.o)
                              /Applications/MCUXpressoIDE_10.0.2_411/ide/tools/bin/../lib/gcc/arm-none-eabi/5.4.1/../../../../arm-none-eabi/lib/armv7-m/libcr_c.a(fpprintf.o) (memset)
/Applications/MCUXpressoIDE_10.0.2_411/ide/tools/bin/../lib/gcc/arm-none-eabi/5.4.1/../../../../arm-none-eabi/lib/armv7-m/libcr_c.a(__fillbuf.o)
                              /Applications/MCUXpressoIDE_10.0.2_411/ide/tools/bin/../lib/gcc/arm-none-eabi/5.4.1/../../../../arm-none-eabi/lib/armv7-m/libcr_c.a(scanf.o) (__filbuf)
/Applications/MCUXpressoIDE_10.0.2_411/ide/tools/bin/../lib/gcc/arm-none-eabi/5.4.1/../../../../arm-none-eabi/lib/armv7-m/libcr_c.a(_deferredlazyseek.o)
                              /Applications/MCUXpressoIDE_10.0.2_411/ide/tools/bin/../lib/gcc/arm-none-eabi/5.4.1/../../../../arm-none-eabi/lib/armv7-m/libcr_c.a(__fillbuf.o) (_deferredlazyseek)
/Applications/MCUXpressoIDE_10.0.2_411/ide/tools/bin/../lib/gcc/arm-none-eabi/5.4.1/../../../../arm-none-eabi/lib/armv7-m/libcr_c.a(_fdopen.o)
                              /Applications/MCUXpressoIDE_10.0.2_411/ide/tools/bin/../lib/gcc/arm-none-eabi/5.4.1/../../../../arm-none-eabi/lib/armv7-m/libcr_c.a(initio.o) (_fdopen)
/Applications/MCUXpressoIDE_10.0.2_411/ide/tools/bin/../lib/gcc/arm-none-eabi/5.4.1/../../../../arm-none-eabi/lib/armv7-m/libcr_c.a(_fflush.o)
                              /Applications/MCUXpressoIDE_10.0.2_411/ide/tools/bin/../lib/gcc/arm-none-eabi/5.4.1/../../../../arm-none-eabi/lib/armv7-m/libcr_c.a(__fillbuf.o) (_fflush)
/Applications/MCUXpressoIDE_10.0.2_411/ide/tools/bin/../lib/gcc/arm-none-eabi/5.4.1/../../../../arm-none-eabi/lib/armv7-m/libcr_c.a(_frexpl.o)
                              /Applications/MCUXpressoIDE_10.0.2_411/ide/tools/bin/../lib/gcc/arm-none-eabi/5.4.1/../../../../arm-none-eabi/lib/armv7-m/libcr_c.a(fpprintf.o) (_frexpl)
/Applications/MCUXpressoIDE_10.0.2_411/ide/tools/bin/../lib/gcc/arm-none-eabi/5.4.1/../../../../arm-none-eabi/lib/armv7-m/libcr_c.a(_hugeval.o)
                              /Applications/MCUXpressoIDE_10.0.2_411/ide/tools/bin/../lib/gcc/arm-none-eabi/5.4.1/../../../../arm-none-eabi/lib/armv7-m/libcr_c.a(scanf.o) (__huge_vall)
/Applications/MCUXpressoIDE_10.0.2_411/ide/tools/bin/../lib/gcc/arm-none-eabi/5.4.1/../../../../arm-none-eabi/lib/armv7-m/libcr_c.a(_ldexpl.o)
[...]
Memory Configuration

Name             Origin             Length             Attributes
MFlash512        0x0000000000000000 0x0000000000080000 xr
RamLoc32         0x0000000010000000 0x0000000000008000 xrw
RamAHB32         0x000000002007c000 0x0000000000008000 xrw
*default*        0x0000000000000000 0xffffffffffffffff

Linker script and memory map

LOAD ./src/SSP_Test.o
LOAD ./src/cr_startup_lpc175x_6x.o
LOAD ./src/crp.o
LOAD ./src/extint.o
LOAD ./src/ssp.o
LOAD /Users/TroyKurniawan/Documents/MCUXpressoIDE_10.0.2/workspace/CMSIS_CORE_LPC17xx/Debug/libCMSIS_CORE_LPC17xx.a
START GROUP
LOAD /Applications/MCUXpressoIDE_10.0.2_411/ide/tools/bin/../lib/gcc/arm-none-eabi/5.4.1/../../../../arm-none-eabi/lib/armv7-m/libcr_semihost.a
LOAD /Applications/MCUXpressoIDE_10.0.2_411/ide/tools/bin/../lib/gcc/arm-none-eabi/5.4.1/../../../../arm-none-eabi/lib/armv7-m/libcr_c.a
LOAD /Applications/MCUXpressoIDE_10.0.2_411/ide/tools/bin/../lib/gcc/arm-none-eabi/5.4.1/armv7-m/libcr_eabihelpers.a
END GROUP
                0x0000000000000000                __base_MFlash512 = 0x0
                0x0000000000000000                __base_Flash = 0x0
                0x0000000000080000                __top_MFlash512 = 0x80000
                0x0000000000080000                __top_Flash = 0x80000
                0x0000000010000000                __base_RamLoc32 = 0x10000000
                0x0000000010000000                __base_RAM = 0x10000000
                0x0000000010008000                __top_RamLoc32 = 0x10008000
                0x0000000010008000                __top_RAM = 0x10008000
                0x000000002007c000                __base_RamAHB32 = 0x2007c000
                0x000000002007c000                __base_RAM2 = 0x2007c000
                0x0000000020084000                __top_RamAHB32 = 0x20084000
                0x0000000020084000                __top_RAM2 = 0x20084000

.text           0x0000000000000000     0x40d4
 FILL mask 0xff
                0x0000000000000000                __vectors_start__ = ABSOLUTE (.)
 *(.isr_vector)
 .isr_vector    0x0000000000000000       0xcc ./src/cr_startup_lpc175x_6x.o
                0x0000000000000000                g_pfnVectors
                0x00000000000000cc                . = ALIGN (0x4)
                0x00000000000000cc                __section_table_start = .
                0x00000000000000cc                __data_section_table = .
                0x00000000000000cc        0x4 LONG 0x40d4 LOADADDR (.data)
                0x00000000000000d0        0x4 LONG 0x10000000 ADDR (.data)
                0x00000000000000d4        0x4 LONG 0x8 SIZEOF (.data)
                0x00000000000000d8        0x4 LONG 0x40d4 LOADADDR (.data_RAM2)
                0x00000000000000dc        0x4 LONG 0x2007c000 ADDR (.data_RAM2)
                0x00000000000000e0        0x4 LONG 0x0 SIZEOF (.data_RAM2)
                0x00000000000000e4                __data_section_table_end = .
                0x00000000000000e4                __bss_section_table = .
                0x00000000000000e4        0x4 LONG 0x10000008 ADDR (.bss)
                0x00000000000000e8        0x4 LONG 0x208 SIZEOF (.bss)
                0x00000000000000ec        0x4 LONG 0x2007c000 ADDR (.bss_RAM2)
                0x00000000000000f0        0x4 LONG 0x0 SIZEOF (.bss_RAM2)
                0x00000000000000f4                __bss_section_table_end = .
                0x00000000000000f4                __section_table_end = .
 *(.after_vectors*)
 .after_vectors
                0x00000000000000f4      0x144 ./src/cr_startup_lpc175x_6x.o
                0x00000000000000f4                data_init
                0x0000000000000138                bss_init
                0x0000000000000170                ResetISR
                0x00000000000001e8                NMI_Handler
                0x00000000000001f0                HardFault_Handler
                0x00000000000001f8                MemManage_Handler
                0x0000000000000200                BusFault_Handler
                0x0000000000000208                UsageFault_Handler
                0x0000000000000210                SVC_Handler
                0x0000000000000218                DebugMon_Handler
                0x0000000000000220                PendSV_Handler
                0x0000000000000228                SysTick_Handler
                0x0000000000000230                IntDefaultHandler
                0x0000000000000230                PLL0_IRQHandler
                0x0000000000000230                CAN_IRQHandler
                0x0000000000000230                PLL1_IRQHandler
                0x0000000000000230                I2S_IRQHandler
                0x0000000000000230                I2C2_IRQHandler
                0x0000000000000230                RTC_IRQHandler
                0x0000000000000230                TIMER0_IRQHandler
                0x0000000000000230                SPI_IRQHandler
                0x0000000000000230                EINT1_IRQHandler
                0x0000000000000230                TIMER1_IRQHandler
                0x0000000000000230                UART2_IRQHandler
                0x0000000000000230                ADC_IRQHandler
                0x0000000000000230                USB_IRQHandler
                0x0000000000000230                BOD_IRQHandler
                0x0000000000000230                WDT_IRQHandler
                0x0000000000000230                QEI_IRQHandler
                0x0000000000000230                DMA_IRQHandler
                0x0000000000000230                UART3_IRQHandler
                0x0000000000000230                MCPWM_IRQHandler
                0x0000000000000230                TIMER2_IRQHandler
                0x0000000000000230                ENET_IRQHandler
                0x0000000000000230                RIT_IRQHandler
                0x0000000000000230                I2C0_IRQHandler
                0x0000000000000230                USBActivity_IRQHandler
                0x0000000000000230                PWM1_IRQHandler
                0x0000000000000230                I2C1_IRQHandler
                0x0000000000000230                EINT2_IRQHandler
                0x0000000000000230                UART1_IRQHandler
                0x0000000000000230                EINT3_IRQHandler
                0x0000000000000230                CANActivity_IRQHandler
                0x0000000000000230                TIMER3_IRQHandler
                0x0000000000000230                UART0_IRQHandler
                0x00000000000002fc                . = 0x2fc
 *fill*         0x0000000000000238       0xc4 ff
                0x00000000000002fc                PROVIDE (__CRP_WORD_START__, .)
 *(.crp)
 .crp           0x00000000000002fc        0x4 ./src/crp.o
                0x00000000000002fc                CRP_WORD
                0x0000000000000300                PROVIDE (__CRP_WORD_END__, .)
                0x0000000000000001                ASSERT (! ((__CRP_WORD_START__ == __CRP_WORD_END__)), Linker CRP Enabled, but no CRP_WORD provided within application)
 *(.text*)
 .text.initSSP1
                0x0000000000000300       0x88 ./src/SSP_Test.o
                0x0000000000000300                initSSP1
 .text.SSP1exchangeByte
                0x0000000000000388       0x34 ./src/SSP_Test.o
                0x0000000000000388                SSP1exchangeByte
 .text.main     0x00000000000003bc      0x370 ./src/SSP_Test.o
                0x00000000000003bc                main
 .text.EINT0_IRQHandler
                0x000000000000072c       0x50 ./src/extint.o
                0x000000000000072c                EINT0_IRQHandler
 .text.SSP0_IRQHandler
                0x000000000000077c       0x70 ./src/ssp.o
                0x000000000000077c                SSP0_IRQHandler
 .text.SSP1_IRQHandler
                0x00000000000007ec       0x70 ./src/ssp.o
                0x00000000000007ec                SSP1_IRQHandler
 .text.SystemInit
                0x000000000000085c       0xe4 /Users/TroyKurniawan/Documents/MCUXpressoIDE_10.0.2/workspace/CMSIS_CORE_LPC17xx/Debug/libCMSIS_CORE_LPC17xx.a(system_LPC17xx.o)
                0x000000000000085c                SystemInit
 .text.__main   0x0000000000000940        0xe /Applications/MCUXpressoIDE_10.0.2_411/ide/tools/bin/../lib/gcc/arm-none-eabi/5.4.1/../../../../arm-none-eabi/lib/armv7-m/libcr_semihost.a(_cr__main.o)
                0x0000000000000940                __main
                0x0000000000000940                __CR_SEMIHOST
 .text.fp_round
                0x000000000000094e       0x4c /Applications/MCUXpressoIDE_10.0.2_411/ide/tools/bin/../lib/gcc/arm-none-eabi/5.4.1/../../../../arm-none-eabi/lib/armv7-m/libcr_c.a(fpprintf.o)
 .text.pr_dec.constprop.1
                0x000000000000099a       0x26 /Applications/MCUXpressoIDE_10.0.2_411/ide/tools/bin/../lib/gcc/arm-none-eabi/5.4.1/../../../../arm-none-eabi/lib/armv7-m/libcr_c.a(fpprintf.o)
 .text.sprintf  0x00000000000009c0       0x6c /Applications/MCUXpressoIDE_10.0.2_411/ide/tools/bin/../lib/gcc/arm-none-eabi/5.4.1/../../../../arm-none-eabi/lib/armv7-m/libcr_c.a(fpprintf.o)
                0x00000000000009c0                sprintf
 *fill*         0x0000000000000a2c        0x4 ff
 .text.fp_display
                0x0000000000000a30      0x8ec /Applications/MCUXpressoIDE_10.0.2_411/ide/tools/bin/../lib/gcc/arm-none-eabi/5.4.1/../../../../arm-none-eabi/lib/armv7-m/libcr_c.a(fpprintf.o)
 .text.vsnprintf
                0x000000000000131c       0x5c /Applications/MCUXpressoIDE_10.0.2_411/ide/tools/bin/../lib/gcc/arm-none-eabi/5.4.1/../../../../arm-none-eabi/lib/armv7-m/libcr_c.a(fpprintf.o)
                0x000000000000131c                vsnprintf
 .text.printf   0x0000000000001378       0x54 /Applications/MCUXpressoIDE_10.0.2_411/ide/tools/bin/../lib/gcc/arm-none-eabi/5.4.1/../../../../arm-none-eabi/lib/armv7-m/libcr_c.a(fpprintf.o)
                0x0000000000001378                printf
 .text._initio  0x00000000000013cc       0x78 /Applications/MCUXpressoIDE_10.0.2_411/ide/tools/bin/../lib/gcc/arm-none-eabi/5.4.1/../../../../arm-none-eabi/lib/armv7-m/libcr_c.a(initio.o)
                0x00000000000013cc                _initio
 .text.__vfprintf
                0x0000000000001444      0xd28 /Applications/MCUXpressoIDE_10.0.2_411/ide/tools/bin/../lib/gcc/arm-none-eabi/5.4.1/../../../../arm-none-eabi/lib/armv7-m/libcr_c.a(printf.o)
                0x0000000000001444                __vfprintf
 .text.ch_val   0x000000000000216c       0x30 /Applications/MCUXpressoIDE_10.0.2_411/ide/tools/bin/../lib/gcc/arm-none-eabi/5.4.1/../../../../arm-none-eabi/lib/armv7-m/libcr_c.a(scanf.o)
 .text.cr_rd_int
                0x000000000000219c      0x1bc /Applications/MCUXpressoIDE_10.0.2_411/ide/tools/bin/../lib/gcc/arm-none-eabi/5.4.1/../../../../arm-none-eabi/lib/armv7-m/libcr_c.a(scanf.o)
 .text.vfscanf  0x0000000000002358      0x8dc /Applications/MCUXpressoIDE_10.0.2_411/ide/tools/bin/../lib/gcc/arm-none-eabi/5.4.1/../../../../arm-none-eabi/lib/armv7-m/libcr_c.a(scanf.o)
                0x0000000000002358                vfscanf
 .text.scanf    0x0000000000002c34       0x20 /Applications/MCUXpressoIDE_10.0.2_411/ide/tools/bin/../lib/gcc/arm-none-eabi/5.4.1/../../../../arm-none-eabi/lib/armv7-m/libcr_c.a(scanf.o)
                0x0000000000002c34                scanf
 .text.setvbuf  0x0000000000002c54       0x44 /Applications/MCUXpressoIDE_10.0.2_411/ide/tools/bin/../lib/gcc/arm-none-eabi/5.4.1/../../../../arm-none-eabi/lib/armv7-m/libcr_c.a(setvbuf.o)
                0x0000000000002c54                setvbuf
 .text.strlen   0x0000000000002c98       0x4a /Applications/MCUXpressoIDE_10.0.2_411/ide/tools/bin/../lib/gcc/arm-none-eabi/5.4.1/../../../../arm-none-eabi/lib/armv7-m/libcr_c.a(strlen.o)
                0x0000000000002c98                strlen
 .text.ungetc   0x0000000000002ce2       0x32 /Applications/MCUXpressoIDE_10.0.2_411/ide/tools/bin/../lib/gcc/arm-none-eabi/5.4.1/../../../../arm-none-eabi/lib/armv7-m/libcr_c.a(ungetc.o)
                0x0000000000002ce2                ungetc
 .text.memset   0x0000000000002d14        0x4 /Applications/MCUXpressoIDE_10.0.2_411/ide/tools/bin/../lib/gcc/arm-none-eabi/5.4.1/../../../../arm-none-eabi/lib/armv7-m/libcr_c.a(memset.o)
                0x0000000000002d14                memset
 .text._Csys_read_
                0x0000000000002d18       0x22 /Applications/MCUXpressoIDE_10.0.2_411/ide/tools/bin/../lib/gcc/arm-none-eabi/5.4.1/../../../../arm-none-eabi/lib/armv7-m/libcr_c.a(__fillbuf.o)
                0x0000000000002d18                _Csys_read_
 *fill*         0x0000000000002d3a        0x2 ff
 .text.__filbuf
                0x0000000000002d3c      0x178 /Applications/MCUXpressoIDE_10.0.2_411/ide/tools/bin/../lib/gcc/arm-none-eabi/5.4.1/../../../../arm-none-eabi/lib/armv7-m/libcr_c.a(__fillbuf.o)
                0x0000000000002d3c                __filbuf
 .text._deferredlazyseek
                0x0000000000002eb4       0x40 /Applications/MCUXpressoIDE_10.0.2_411/ide/tools/bin/../lib/gcc/arm-none-eabi/5.4.1/../../../../arm-none-eabi/lib/armv7-m/libcr_c.a(_deferredlazyseek.o)
                0x0000000000002eb4                _deferredlazyseek
 .text.__flsbuf
                0x0000000000002ef4      0x13e /Applications/MCUXpressoIDE_10.0.2_411/ide/tools/bin/../lib/gcc/arm-none-eabi/5.4.1/../../../../arm-none-eabi/lib/armv7-m/libcr_c.a(_deferredlazyseek.o)
                0x0000000000002ef4                __flsbuf
 .text._fdopen  0x0000000000003032       0x6a /Applications/MCUXpressoIDE_10.0.2_411/ide/tools/bin/../lib/gcc/arm-none-eabi/5.4.1/../../../../arm-none-eabi/lib/armv7-m/libcr_c.a(_fdopen.o)
                0x0000000000003032                _fdopen
 .text._fflush  0x000000000000309c       0x54 /Applications/MCUXpressoIDE_10.0.2_411/ide/tools/bin/../lib/gcc/arm-none-eabi/5.4.1/../../../../arm-none-eabi/lib/armv7-m/libcr_c.a(_fflush.o)
                0x000000000000309c                _fflush
 .text._frexpl  0x00000000000030f0       0x5a /Applications/MCUXpressoIDE_10.0.2_411/ide/tools/bin/../lib/gcc/arm-none-eabi/5.4.1/../../../../arm-none-eabi/lib/armv7-m/libcr_c.a(_frexpl.o)
                0x00000000000030f0                _frexpl
 *fill*         0x000000000000314a        0x2 ff
 .text._ldexpl  0x000000000000314c       0x4c /Applications/MCUXpressoIDE_10.0.2_411/ide/tools/bin/../lib/gcc/arm-none-eabi/5.4.1/../../../../arm-none-eabi/lib/armv7-m/libcr_c.a(_ldexpl.o)
                0x000000000000314c                _ldexpl
 .text._Cwritebuf
                0x0000000000003198       0x68 /Applications/MCUXpressoIDE_10.0.2_411/ide/tools/bin/../lib/gcc/arm-none-eabi/5.4.1/../../../../arm-none-eabi/lib/armv7-m/libcr_c.a(_writebuf.o)
                0x0000000000003198                _Cwritebuf
 .text.malloc   0x0000000000003200       0xc8 /Applications/MCUXpressoIDE_10.0.2_411/ide/tools/bin/../lib/gcc/arm-none-eabi/5.4.1/../../../../arm-none-eabi/lib/armv7-m/libcr_c.a(alloc.o)
                0x0000000000003200                malloc
 .text.free     0x00000000000032c8       0x30 /Applications/MCUXpressoIDE_10.0.2_411/ide/tools/bin/../lib/gcc/arm-none-eabi/5.4.1/../../../../arm-none-eabi/lib/armv7-m/libcr_c.a(alloc.o)
                0x00000000000032c8                free
 .text._Csys_alloc
                0x00000000000032f8       0x20 /Applications/MCUXpressoIDE_10.0.2_411/ide/tools/bin/../lib/gcc/arm-none-eabi/5.4.1/../../../../arm-none-eabi/lib/armv7-m/libcr_c.a(alloc.o)
                0x00000000000032f8                _Csys_alloc
 .text.fclose   0x0000000000003318       0x58 /Applications/MCUXpressoIDE_10.0.2_411/ide/tools/bin/../lib/gcc/arm-none-eabi/5.4.1/../../../../arm-none-eabi/lib/armv7-m/libcr_c.a(fclose.o)
                0x0000000000003318                fclose
 .text.fflush   0x0000000000003370       0x48 /Applications/MCUXpressoIDE_10.0.2_411/ide/tools/bin/../lib/gcc/arm-none-eabi/5.4.1/../../../../arm-none-eabi/lib/armv7-m/libcr_c.a(fflush.o)
                0x0000000000003370                fflush
 .text.fseek    0x00000000000033b8      0x100 /Applications/MCUXpressoIDE_10.0.2_411/ide/tools/bin/../lib/gcc/arm-none-eabi/5.4.1/../../../../arm-none-eabi/lib/armv7-m/libcr_c.a(fseek.o)
                0x00000000000033b8                fseek
 .text.ftell    0x00000000000034b8       0x48 /Applications/MCUXpressoIDE_10.0.2_411/ide/tools/bin/../lib/gcc/arm-none-eabi/5.4.1/../../../../arm-none-eabi/lib/armv7-m/libcr_c.a(ftell.o)
                0x00000000000034b8                ftell
 .text.remove   0x0000000000003500       0x14 /Applications/MCUXpressoIDE_10.0.2_411/ide/tools/bin/../lib/gcc/arm-none-eabi/5.4.1/../../../../arm-none-eabi/lib/armv7-m/libcr_c.a(remove.o)
                0x0000000000003500                remove
 .text._sbrk    0x0000000000003514       0x40 /Applications/MCUXpressoIDE_10.0.2_411/ide/tools/bin/../lib/gcc/arm-none-eabi/5.4.1/../../../../arm-none-eabi/lib/armv7-m/libcr_c.a(_cr_sbrk.o)
                0x0000000000003514                _sbrk
 .text._do_fflush
                0x0000000000003554       0x42 /Applications/MCUXpressoIDE_10.0.2_411/ide/tools/bin/../lib/gcc/arm-none-eabi/5.4.1/../../../../arm-none-eabi/lib/armv7-m/libcr_c.a(_do_fflush.o)
                0x0000000000003554                _do_fflush
 *fill*         0x0000000000003596        0x2 ff
 .text.__check_heap_overflow
                0x0000000000003598       0x18 /Applications/MCUXpressoIDE_10.0.2_411/ide/tools/bin/../lib/gcc/arm-none-eabi/5.4.1/../../../../arm-none-eabi/lib/armv7-m/libcr_c.a(_cr_check_heap.o)
                0x0000000000003598                __check_heap_overflow
 .text.__aeabi_dmul
                0x00000000000035b0      0x110 /Applications/MCUXpressoIDE_10.0.2_411/ide/tools/bin/../lib/gcc/arm-none-eabi/5.4.1/armv7-m/libcr_eabihelpers.a(double.o)
                0x00000000000035b0                __aeabi_dmul
 .text.__aeabi_ddiv
                0x00000000000036c0      0x138 /Applications/MCUXpressoIDE_10.0.2_411/ide/tools/bin/../lib/gcc/arm-none-eabi/5.4.1/armv7-m/libcr_eabihelpers.a(double.o)
                0x00000000000036c0                __aeabi_ddiv
 .text.__aeabi_dsub
                0x00000000000037f8      0x1a0 /Applications/MCUXpressoIDE_10.0.2_411/ide/tools/bin/../lib/gcc/arm-none-eabi/5.4.1/armv7-m/libcr_eabihelpers.a(double.o)
                0x00000000000037f8                __aeabi_dsub
 .text.__aeabi_dadd
                0x0000000000003998      0x10c /Applications/MCUXpressoIDE_10.0.2_411/ide/tools/bin/../lib/gcc/arm-none-eabi/5.4.1/armv7-m/libcr_eabihelpers.a(double.o)
                0x0000000000003998                __aeabi_dadd
 .text.__aeabi_d2f
                0x0000000000003aa4       0x54 /Applications/MCUXpressoIDE_10.0.2_411/ide/tools/bin/../lib/gcc/arm-none-eabi/5.4.1/armv7-m/libcr_eabihelpers.a(double.o)
                0x0000000000003aa4                __aeabi_d2f
 .text.__aeabi_d2iz
                0x0000000000003af8       0x40 /Applications/MCUXpressoIDE_10.0.2_411/ide/tools/bin/../lib/gcc/arm-none-eabi/5.4.1/armv7-m/libcr_eabihelpers.a(double.o)
                0x0000000000003af8                __aeabi_d2iz
 .text.__bhs_ui2d
                0x0000000000003b38       0x46 /Applications/MCUXpressoIDE_10.0.2_411/ide/tools/bin/../lib/gcc/arm-none-eabi/5.4.1/armv7-m/libcr_eabihelpers.a(double.o)
                0x0000000000003b38                __bhs_ui2d
 .text.__aeabi_i2d
                0x0000000000003b7e       0x10 /Applications/MCUXpressoIDE_10.0.2_411/ide/tools/bin/../lib/gcc/arm-none-eabi/5.4.1/armv7-m/libcr_eabihelpers.a(double.o)
                0x0000000000003b7e                __aeabi_i2d
 .text.__aeabi_dcmpeq
                0x0000000000003b8e       0x2c /Applications/MCUXpressoIDE_10.0.2_411/ide/tools/bin/../lib/gcc/arm-none-eabi/5.4.1/armv7-m/libcr_eabihelpers.a(double.o)
                0x0000000000003b8e                __aeabi_dcmpeq
 .text.__aeabi_dcmplt
                0x0000000000003bba       0x54 /Applications/MCUXpressoIDE_10.0.2_411/ide/tools/bin/../lib/gcc/arm-none-eabi/5.4.1/armv7-m/libcr_eabihelpers.a(double.o)
                0x0000000000003bba                __aeabi_dcmplt
 .text.__aeabi_dcmple
                0x0000000000003c0e       0x54 /Applications/MCUXpressoIDE_10.0.2_411/ide/tools/bin/../lib/gcc/arm-none-eabi/5.4.1/armv7-m/libcr_eabihelpers.a(double.o)
                0x0000000000003c0e                __aeabi_dcmple
 .text.__aeabi_dcmpge
                0x0000000000003c62       0x54 /Applications/MCUXpressoIDE_10.0.2_411/ide/tools/bin/../lib/gcc/arm-none-eabi/5.4.1/armv7-m/libcr_eabihelpers.a(double.o)
                0x0000000000003c62                __aeabi_dcmpge
 .text.__aeabi_memset_lowlevel
                0x0000000000003cb6       0x32 /Applications/MCUXpressoIDE_10.0.2_411/ide/tools/bin/../lib/gcc/arm-none-eabi/5.4.1/armv7-m/libcr_eabihelpers.a(memcpy.o)
                0x0000000000003cb6                __aeabi_lowlevel_memset
 .text.__sys_appexit
                0x0000000000003ce8        0xc /Applications/MCUXpressoIDE_10.0.2_411/ide/tools/bin/../lib/gcc/arm-none-eabi/5.4.1/../../../../arm-none-eabi/lib/armv7-m/libcr_semihost.a(__sys_appexit.o)
                0x0000000000003ce8                __exit
                0x0000000000003ce8                __sys_appexit
 .text.__sys_close
                0x0000000000003cf4        0xc /Applications/MCUXpressoIDE_10.0.2_411/ide/tools/bin/../lib/gcc/arm-none-eabi/5.4.1/../../../../arm-none-eabi/lib/armv7-m/libcr_semihost.a(__sys_close.o)
                0x0000000000003cf4                __sys_close
 .text.__sys_flen
                0x0000000000003d00        0xc /Applications/MCUXpressoIDE_10.0.2_411/ide/tools/bin/../lib/gcc/arm-none-eabi/5.4.1/../../../../arm-none-eabi/lib/armv7-m/libcr_semihost.a(__sys_flen.o)
                0x0000000000003d00                __sys_flen
 .text.__sys_istty
                0x0000000000003d0c        0xc /Applications/MCUXpressoIDE_10.0.2_411/ide/tools/bin/../lib/gcc/arm-none-eabi/5.4.1/../../../../arm-none-eabi/lib/armv7-m/libcr_semihost.a(__sys_istty.o)
                0x0000000000003d0c                __sys_istty
 .text.__sys_read
                0x0000000000003d18        0xc /Applications/MCUXpressoIDE_10.0.2_411/ide/tools/bin/../lib/gcc/arm-none-eabi/5.4.1/../../../../arm-none-eabi/lib/armv7-m/libcr_semihost.a(__sys_read.o)
                0x0000000000003d18                __sys_read
 .text.__sys_readc
                0x0000000000003d24        0x8 /Applications/MCUXpressoIDE_10.0.2_411/ide/tools/bin/../lib/gcc/arm-none-eabi/5.4.1/../../../../arm-none-eabi/lib/armv7-m/libcr_semihost.a(__sys_readc.o)
                0x0000000000003d24                __readc
                0x0000000000003d24                __sys_readc
 .text.__sys_remove
                0x0000000000003d2c        0xc /Applications/MCUXpressoIDE_10.0.2_411/ide/tools/bin/../lib/gcc/arm-none-eabi/5.4.1/../../../../arm-none-eabi/lib/armv7-m/libcr_semihost.a(__sys_remove.o)
                0x0000000000003d2c                __sys_remove
 .text.__sys_seek
                0x0000000000003d38        0xc /Applications/MCUXpressoIDE_10.0.2_411/ide/tools/bin/../lib/gcc/arm-none-eabi/5.4.1/../../../../arm-none-eabi/lib/armv7-m/libcr_semihost.a(__sys_seek.o)
                0x0000000000003d38                __sys_seek
 .text.__sys_tmpnam
                0x0000000000003d44        0xc /Applications/MCUXpressoIDE_10.0.2_411/ide/tools/bin/../lib/gcc/arm-none-eabi/5.4.1/../../../../arm-none-eabi/lib/armv7-m/libcr_semihost.a(__sys_tmpnam.o)
                0x0000000000003d44                __sys_tmpnam
 .text.__sys_write
                0x0000000000003d50        0xc /Applications/MCUXpressoIDE_10.0.2_411/ide/tools/bin/../lib/gcc/arm-none-eabi/5.4.1/../../../../arm-none-eabi/lib/armv7-m/libcr_semihost.a(__sys_write.o)
                0x0000000000003d50                __sys_write
 *(.rodata .rodata.* .constdata .constdata.*)
 .rodata        0x0000000000003d5c      0x16a ./src/SSP_Test.o
 .rodata.str1.1
                0x0000000000003ec6       0x34 /Applications/MCUXpressoIDE_10.0.2_411/ide/tools/bin/../lib/gcc/arm-none-eabi/5.4.1/../../../../arm-none-eabi/lib/armv7-m/libcr_c.a(fpprintf.o)
                                         0x35 (size before relaxing)
 .rodata.str1.1
                0x0000000000003efa        0x4 /Applications/MCUXpressoIDE_10.0.2_411/ide/tools/bin/../lib/gcc/arm-none-eabi/5.4.1/../../../../arm-none-eabi/lib/armv7-m/libcr_c.a(initio.o)
 .rodata.str1.1
                0x0000000000003efe       0x31 /Applications/MCUXpressoIDE_10.0.2_411/ide/tools/bin/../lib/gcc/arm-none-eabi/5.4.1/../../../../arm-none-eabi/lib/armv7-m/libcr_c.a(printf.o)
                                         0x38 (size before relaxing)
 *fill*         0x0000000000003f2f        0x1 ff
 .rodata.__huge_vall
                0x0000000000003f30        0x8 /Applications/MCUXpressoIDE_10.0.2_411/ide/tools/bin/../lib/gcc/arm-none-eabi/5.4.1/../../../../arm-none-eabi/lib/armv7-m/libcr_c.a(_hugeval.o)
                0x0000000000003f30                __huge_vall
 .rodata.str1.1
                0x0000000000003f38       0x18 /Applications/MCUXpressoIDE_10.0.2_411/ide/tools/bin/../lib/gcc/arm-none-eabi/5.4.1/../../../../arm-none-eabi/lib/armv7-m/libcr_c.a(alloc.o)
 .rodata.__ctype
                0x0000000000003f50      0x180 /Applications/MCUXpressoIDE_10.0.2_411/ide/tools/bin/../lib/gcc/arm-none-eabi/5.4.1/../../../../arm-none-eabi/lib/armv7-m/libcr_c.a(ctype.o)
                0x0000000000003f50                __ctype
 .rodata.__num_Ciob_streams
                0x00000000000040d0        0x4 /Applications/MCUXpressoIDE_10.0.2_411/ide/tools/bin/../lib/gcc/arm-none-eabi/5.4.1/../../../../arm-none-eabi/lib/armv7-m/libcr_semihost.a(__ciob.o)
                0x00000000000040d0                __num_Ciob_streams
                0x00000000000040d4                . = ALIGN (0x4)

.glue_7         0x00000000000040d4        0x0
 .glue_7        0x00000000000040d4        0x0 linker stubs

.glue_7t        0x00000000000040d4        0x0
 .glue_7t       0x00000000000040d4        0x0 linker stubs

.vfp11_veneer   0x00000000000040d4        0x0
 .vfp11_veneer  0x00000000000040d4        0x0 linker stubs

.v4_bx          0x00000000000040d4        0x0
 .v4_bx         0x00000000000040d4        0x0 linker stubs

.iplt           0x00000000000040d4        0x0
 .iplt          0x00000000000040d4        0x0 ./src/SSP_Test.o

.rel.dyn        0x00000000000040d4        0x0
 .rel.iplt      0x00000000000040d4        0x0 ./src/SSP_Test.o

.ARM.extab
 *(.ARM.extab* .gnu.linkonce.armextab.*)
                0x00000000000040d4                __exidx_start = .

.ARM.exidx
 *(.ARM.exidx* .gnu.linkonce.armexidx.*)
                0x00000000000040d4                __exidx_end = .
                0x00000000000040d4                _etext = .

.data_RAM2      0x000000002007c000        0x0 load address 0x00000000000040d4
 FILL mask 0xff
                [!provide]                        PROVIDE (__start_data_RAM2, .)
 *(.ramfunc.$RAM2)
 *(.ramfunc.$RamAHB32)
 *(.data.$RAM2*)
 *(.data.$RamAHB32*)
                0x000000002007c000                . = ALIGN (0x4)
                [!provide]                        PROVIDE (__end_data_RAM2, .)

.uninit_RESERVED
                0x0000000010000000        0x0
 *(.bss.$RESERVED*)
                0x0000000010000000                . = ALIGN (0x4)
                0x0000000010000000                _end_uninit_RESERVED = .

.data           0x0000000010000000        0x8 load address 0x00000000000040d4
 FILL mask 0xff
                0x0000000010000000                _data = .
 *(vtable)
 *(.ramfunc*)
 *(.data*)
 .data.posinf.4429
                0x0000000010000000        0x4 /Applications/MCUXpressoIDE_10.0.2_411/ide/tools/bin/../lib/gcc/arm-none-eabi/5.4.1/../../../../arm-none-eabi/lib/armv7-m/libcr_c.a(scanf.o)
 .data.neginf.4430
                0x0000000010000004        0x4 /Applications/MCUXpressoIDE_10.0.2_411/ide/tools/bin/../lib/gcc/arm-none-eabi/5.4.1/../../../../arm-none-eabi/lib/armv7-m/libcr_c.a(scanf.o)
                0x0000000010000008                . = ALIGN (0x4)
                0x0000000010000008                _edata = .

.igot.plt       0x0000000010000008        0x0 load address 0x00000000000040dc
 .igot.plt      0x0000000010000008        0x0 ./src/SSP_Test.o

.bss_RAM2       0x000000002007c000        0x0
                [!provide]                        PROVIDE (__start_bss_RAM2, .)
 *(.bss.$RAM2*)
 *(.bss.$RamAHB32*)
                0x000000002007c000                . = ALIGN ((. != 0x0)?0x4:0x1)
                [!provide]                        PROVIDE (__end_bss_RAM2, .)

.bss            0x0000000010000008      0x208
                0x0000000010000008                _bss = .
 *(.bss*)
 .bss.interrupt0RxStat
                0x0000000010000008        0x4 ./src/ssp.o
                0x0000000010000008                interrupt0RxStat
 .bss.interrupt0OverRunStat
                0x000000001000000c        0x4 ./src/ssp.o
                0x000000001000000c                interrupt0OverRunStat
 .bss.interrupt0RxTimeoutStat
                0x0000000010000010        0x4 ./src/ssp.o
                0x0000000010000010                interrupt0RxTimeoutStat
 .bss.interrupt1RxStat
                0x0000000010000014        0x4 ./src/ssp.o
                0x0000000010000014                interrupt1RxStat
 .bss.interrupt1OverRunStat
                0x0000000010000018        0x4 ./src/ssp.o
                0x0000000010000018                interrupt1OverRunStat
 .bss.interrupt1RxTimeoutStat
                0x000000001000001c        0x4 ./src/ssp.o
                0x000000001000001c                interrupt1RxTimeoutStat
 .bss.errno     0x0000000010000020        0x4 /Applications/MCUXpressoIDE_10.0.2_411/ide/tools/bin/../lib/gcc/arm-none-eabi/5.4.1/../../../../arm-none-eabi/lib/armv7-m/libcr_c.a(errno.o)
                0x0000000010000020                errno
 .bss.__heaps   0x0000000010000024        0x4 /Applications/MCUXpressoIDE_10.0.2_411/ide/tools/bin/../lib/gcc/arm-none-eabi/5.4.1/../../../../arm-none-eabi/lib/armv7-m/libcr_c.a(__init_alloc.o)
                0x0000000010000024                __heaps
 .bss.__end_of_heap
                0x0000000010000028        0x4 /Applications/MCUXpressoIDE_10.0.2_411/ide/tools/bin/../lib/gcc/arm-none-eabi/5.4.1/../../../../arm-none-eabi/lib/armv7-m/libcr_c.a(__init_alloc.o)
                0x0000000010000028                __end_of_heap
 .bss.__Ciob    0x000000001000002c      0x1e0 /Applications/MCUXpressoIDE_10.0.2_411/ide/tools/bin/../lib/gcc/arm-none-eabi/5.4.1/../../../../arm-none-eabi/lib/armv7-m/libcr_semihost.a(__ciob.o)
                0x000000001000002c                __Ciob
 *(COMMON)
 COMMON         0x000000001000020c        0x4 ./src/extint.o
                0x000000001000020c                eint0_counter
                0x0000000010000210                . = ALIGN (0x4)
                0x0000000010000210                _ebss = .
                [!provide]                        PROVIDE (end, .)

.noinit_RAM2    0x000000002007c000        0x0
 *(.noinit.$RAM2*)
 *(.noinit.$RamAHB32*)
                0x000000002007c000                . = ALIGN (0x4)

.noinit         0x0000000010000210        0x0
                0x0000000010000210                _noinit = .
 *(.noinit*)
                0x0000000010000210                . = ALIGN (0x4)
                0x0000000010000210                _end_noinit = .
                0x0000000010000210                PROVIDE (_pvHeapStart, DEFINED (__user_heap_base)?__user_heap_base:.)
                0x0000000010008000                PROVIDE (_vStackTop, DEFINED (__user_stack_top)?__user_stack_top:(__top_RamLoc32 - 0x0))
                [!provide]                        PROVIDE (__valid_user_code_checksum, (0x0 - ((((((_vStackTop + (ResetISR + 0x1)) + (NMI_Handler + 0x1)) + (HardFault_Handler + 0x1)) + (DEFINED (MemManage_Handler)?MemManage_Handler:0x0 + 0x1)) + (DEFINED (BusFault_Handler)?BusFault_Handler:0x0 + 0x1)) + (DEFINED (UsageFault_Handler)?UsageFault_Handler:0x0 + 0x1))))
OUTPUT(SSP_Test.axf elf32-littlearm)

.debug_info     0x0000000000000000     0x25bb
 .debug_info    0x0000000000000000      0x93f ./src/SSP_Test.o
 .debug_info    0x000000000000093f      0x250 ./src/cr_startup_lpc175x_6x.o
 .debug_info    0x0000000000000b8f       0x3f ./src/crp.o
 .debug_info    0x0000000000000bce      0xa87 ./src/extint.o
 .debug_info    0x0000000000001655      0xc4e ./src/ssp.o
 .debug_info    0x00000000000022a3      0x318 /Users/TroyKurniawan/Documents/MCUXpressoIDE_10.0.2/workspace/CMSIS_CORE_LPC17xx/Debug/libCMSIS_CORE_LPC17xx.a(system_LPC17xx.o)

.debug_abbrev   0x0000000000000000      0x835
 .debug_abbrev  0x0000000000000000      0x1ee ./src/SSP_Test.o
 .debug_abbrev  0x00000000000001ee       0xf5 ./src/cr_startup_lpc175x_6x.o
 .debug_abbrev  0x00000000000002e3       0x36 ./src/crp.o
 .debug_abbrev  0x0000000000000319      0x1c6 ./src/extint.o
 .debug_abbrev  0x00000000000004df      0x270 ./src/ssp.o
 .debug_abbrev  0x000000000000074f       0xe6 /Users/TroyKurniawan/Documents/MCUXpressoIDE_10.0.2/workspace/CMSIS_CORE_LPC17xx/Debug/libCMSIS_CORE_LPC17xx.a(system_LPC17xx.o)

.debug_aranges  0x0000000000000000      0x190
 .debug_aranges
                0x0000000000000000       0x40 ./src/SSP_Test.o
 .debug_aranges
                0x0000000000000040       0x80 ./src/cr_startup_lpc175x_6x.o
 .debug_aranges
                0x00000000000000c0       0x18 ./src/crp.o
 .debug_aranges
                0x00000000000000d8       0x30 ./src/extint.o
 .debug_aranges
                0x0000000000000108       0x60 ./src/ssp.o
 .debug_aranges
                0x0000000000000168       0x28 /Users/TroyKurniawan/Documents/MCUXpressoIDE_10.0.2/workspace/CMSIS_CORE_LPC17xx/Debug/libCMSIS_CORE_LPC17xx.a(system_LPC17xx.o)

.debug_ranges   0x0000000000000000      0x128
 .debug_ranges  0x0000000000000000       0x30 ./src/SSP_Test.o
 .debug_ranges  0x0000000000000030       0x70 ./src/cr_startup_lpc175x_6x.o
 .debug_ranges  0x00000000000000a0       0x20 ./src/extint.o
 .debug_ranges  0x00000000000000c0       0x50 ./src/ssp.o
 .debug_ranges  0x0000000000000110       0x18 /Users/TroyKurniawan/Documents/MCUXpressoIDE_10.0.2/workspace/CMSIS_CORE_LPC17xx/Debug/libCMSIS_CORE_LPC17xx.a(system_LPC17xx.o)

.debug_macro    0x0000000000000000     0x2ff2
 .debug_macro   0x0000000000000000       0xc2 ./src/SSP_Test.o
 .debug_macro   0x00000000000000c2      0x88c ./src/SSP_Test.o
 .debug_macro   0x000000000000094e       0x1c ./src/SSP_Test.o
 .debug_macro   0x000000000000096a       0x3a ./src/SSP_Test.o
 .debug_macro   0x00000000000009a4       0x10 ./src/SSP_Test.o
 .debug_macro   0x00000000000009b4      0x12d ./src/SSP_Test.o
 .debug_macro   0x0000000000000ae1      0x5b2 ./src/SSP_Test.o
 .debug_macro   0x0000000000001093       0x2d ./src/SSP_Test.o
 .debug_macro   0x00000000000010c0      0xbb1 ./src/SSP_Test.o
 .debug_macro   0x0000000000001c71      0x2c7 ./src/SSP_Test.o
 .debug_macro   0x0000000000001f38       0x82 ./src/SSP_Test.o
 .debug_macro   0x0000000000001fba       0xa0 ./src/SSP_Test.o
 .debug_macro   0x000000000000205a      0x118 ./src/SSP_Test.o
 .debug_macro   0x0000000000002172       0x1d ./src/cr_startup_lpc175x_6x.o
 .debug_macro   0x000000000000218f       0x1a ./src/crp.o
 .debug_macro   0x00000000000021a9       0x34 ./src/crp.o
 .debug_macro   0x00000000000021dd       0x8a ./src/extint.o
 .debug_macro   0x0000000000002267       0x1c ./src/extint.o
 .debug_macro   0x0000000000002283      0x2c7 ./src/extint.o
 .debug_macro   0x000000000000254a       0x1c ./src/extint.o
 .debug_macro   0x0000000000002566       0x52 ./src/extint.o
 .debug_macro   0x00000000000025b8       0x81 ./src/ssp.o
 .debug_macro   0x0000000000002639      0x12d /Users/TroyKurniawan/Documents/MCUXpressoIDE_10.0.2/workspace/CMSIS_CORE_LPC17xx/Debug/libCMSIS_CORE_LPC17xx.a(system_LPC17xx.o)
 .debug_macro   0x0000000000002766      0x88c /Users/TroyKurniawan/Documents/MCUXpressoIDE_10.0.2/workspace/CMSIS_CORE_LPC17xx/Debug/libCMSIS_CORE_LPC17xx.a(system_LPC17xx.o)

.debug_line     0x0000000000000000      0xc8e
 .debug_line    0x0000000000000000      0x3f8 ./src/SSP_Test.o
 .debug_line    0x00000000000003f8       0xd5 ./src/cr_startup_lpc175x_6x.o
 .debug_line    0x00000000000004cd       0x7c ./src/crp.o
 .debug_line    0x0000000000000549      0x1fa ./src/extint.o
 .debug_line    0x0000000000000743      0x322 ./src/ssp.o
 .debug_line    0x0000000000000a65      0x229 /Users/TroyKurniawan/Documents/MCUXpressoIDE_10.0.2/workspace/CMSIS_CORE_LPC17xx/Debug/libCMSIS_CORE_LPC17xx.a(system_LPC17xx.o)

.debug_str      0x0000000000000000     0xae74
 .debug_str     0x0000000000000000     0xa282 ./src/SSP_Test.o
                                       0xa315 (size before relaxing)
 .debug_str     0x000000000000a282      0x1c2 ./src/cr_startup_lpc175x_6x.o
                                       0x26b6 (size before relaxing)
 .debug_str     0x000000000000a444       0xe9 ./src/crp.o
                                       0x25ce (size before relaxing)
 .debug_str     0x000000000000a52d      0x424 ./src/extint.o
                                       0x9cc4 (size before relaxing)
 .debug_str     0x000000000000a951      0x10c ./src/ssp.o
                                       0x9f16 (size before relaxing)
 .debug_str     0x000000000000aa5d      0x417 /Users/TroyKurniawan/Documents/MCUXpressoIDE_10.0.2/workspace/CMSIS_CORE_LPC17xx/Debug/libCMSIS_CORE_LPC17xx.a(system_LPC17xx.o)
                                       0x9925 (size before relaxing)

.comment        0x0000000000000000       0x6e
 .comment       0x0000000000000000       0x6e ./src/SSP_Test.o
                                         0x6f (size before relaxing)
 .comment       0x000000000000006e       0x6f ./src/cr_startup_lpc175x_6x.o
 .comment       0x000000000000006e       0x6f ./src/crp.o
 .comment       0x000000000000006e       0x6f ./src/extint.o
 .comment       0x000000000000006e       0x6f ./src/ssp.o
 .comment       0x000000000000006e       0x6f /Users/TroyKurniawan/Documents/MCUXpressoIDE_10.0.2/workspace/CMSIS_CORE_LPC17xx/Debug/libCMSIS_CORE_LPC17xx.a(system_LPC17xx.o)
 .comment       0x000000000000006e       0x6f /Applications/MCUXpressoIDE_10.0.2_411/ide/tools/bin/../lib/gcc/arm-none-eabi/5.4.1/../../../../arm-none-eabi/lib/armv7-m/libcr_semihost.a(_cr__main.o)
 .comment       0x000000000000006e       0x6f /Applications/MCUXpressoIDE_10.0.2_411/ide/tools/bin/../lib/gcc/arm-none-eabi/5.4.1/../../../../arm-none-eabi/lib/armv7-m/libcr_c.a(fpprintf.o)
 .comment       0x000000000000006e       0x6f /Applications/MCUXpressoIDE_10.0.2_411/ide/tools/bin/../lib/gcc/arm-none-eabi/5.4.1/../../../../arm-none-eabi/lib/armv7-m/libcr_c.a(initio.o)
 .comment       0x000000000000006e       0x6f /Applications/MCUXpressoIDE_10.0.2_411/ide/tools/bin/../lib/gcc/arm-none-eabi/5.4.1/../../../../arm-none-eabi/lib/armv7-m/libcr_c.a(printf.o)
 .comment       0x000000000000006e       0x6f /Applications/MCUXpressoIDE_10.0.2_411/ide/tools/bin/../lib/gcc/arm-none-eabi/5.4.1/../../../../arm-none-eabi/lib/armv7-m/libcr_c.a(scanf.o)
 .comment       0x000000000000006e       0x6f /Applications/MCUXpressoIDE_10.0.2_411/ide/tools/bin/../lib/gcc/arm-none-eabi/5.4.1/../../../../arm-none-eabi/lib/armv7-m/libcr_c.a(setvbuf.o)
 .comment       0x000000000000006e       0x6f /Applications/MCUXpressoIDE_10.0.2_411/ide/tools/bin/../lib/gcc/arm-none-eabi/5.4.1/../../../../arm-none-eabi/lib/armv7-m/libcr_c.a(strlen.o)
 .comment       0x000000000000006e       0x6f /Applications/MCUXpressoIDE_10.0.2_411/ide/tools/bin/../lib/gcc/arm-none-eabi/5.4.1/../../../../arm-none-eabi/lib/armv7-m/libcr_c.a(ungetc.o)
 .comment       0x000000000000006e       0x6f /Applications/MCUXpressoIDE_10.0.2_411/ide/tools/bin/../lib/gcc/arm-none-eabi/5.4.1/../../../../arm-none-eabi/lib/armv7-m/libcr_c.a(memset.o)
 .comment       0x000000000000006e       0x6f /Applications/MCUXpressoIDE_10.0.2_411/ide/tools/bin/../lib/gcc/arm-none-eabi/5.4.1/../../../../arm-none-eabi/lib/armv7-m/libcr_c.a(__fillbuf.o)
 .comment       0x000000000000006e       0x6f /Applications/MCUXpressoIDE_10.0.2_411/ide/tools/bin/../lib/gcc/arm-none-eabi/5.4.1/../../../../arm-none-eabi/lib/armv7-m/libcr_c.a(_deferredlazyseek.o)
 .comment       0x000000000000006e       0x6f /Applications/MCUXpressoIDE_10.0.2_411/ide/tools/bin/../lib/gcc/arm-none-eabi/5.4.1/../../../../arm-none-eabi/lib/armv7-m/libcr_c.a(_fdopen.o)
 .comment       0x000000000000006e       0x6f /Applications/MCUXpressoIDE_10.0.2_411/ide/tools/bin/../lib/gcc/arm-none-eabi/5.4.1/../../../../arm-none-eabi/lib/armv7-m/libcr_c.a(_fflush.o)
 .comment       0x000000000000006e       0x6f /Applications/MCUXpressoIDE_10.0.2_411/ide/tools/bin/../lib/gcc/arm-none-eabi/5.4.1/../../../../arm-none-eabi/lib/armv7-m/libcr_c.a(_frexpl.o)
 .comment       0x000000000000006e       0x6f /Applications/MCUXpressoIDE_10.0.2_411/ide/tools/bin/../lib/gcc/arm-none-eabi/5.4.1/../../../../arm-none-eabi/lib/armv7-m/libcr_c.a(_hugeval.o)
 .comment       0x000000000000006e       0x6f /Applications/MCUXpressoIDE_10.0.2_411/ide/tools/bin/../lib/gcc/arm-none-eabi/5.4.1/../../../../arm-none-eabi/lib/armv7-m/libcr_c.a(_ldexpl.o)
 .comment       0x000000000000006e       0x6f /Applications/MCUXpressoIDE_10.0.2_411/ide/tools/bin/../lib/gcc/arm-none-eabi/5.4.1/../../../../arm-none-eabi/lib/armv7-m/libcr_c.a(_writebuf.o)
 .comment       0x000000000000006e       0x6f /Applications/MCUXpressoIDE_10.0.2_411/ide/tools/bin/../lib/gcc/arm-none-eabi/5.4.1/../../../../arm-none-eabi/lib/armv7-m/libcr_c.a(alloc.o)
 .comment       0x000000000000006e       0x6f /Applications/MCUXpressoIDE_10.0.2_411/ide/tools/bin/../lib/gcc/arm-none-eabi/5.4.1/../../../../arm-none-eabi/lib/armv7-m/libcr_c.a(ctype.o)
 .comment       0x000000000000006e       0x6f /Applications/MCUXpressoIDE_10.0.2_411/ide/tools/bin/../lib/gcc/arm-none-eabi/5.4.1/../../../../arm-none-eabi/lib/armv7-m/libcr_c.a(errno.o)
 .comment       0x000000000000006e       0x6f /Applications/MCUXpressoIDE_10.0.2_411/ide/tools/bin/../lib/gcc/arm-none-eabi/5.4.1/../../../../arm-none-eabi/lib/armv7-m/libcr_c.a(fclose.o)
 .comment       0x000000000000006e       0x6f /Applications/MCUXpressoIDE_10.0.2_411/ide/tools/bin/../lib/gcc/arm-none-eabi/5.4.1/../../../../arm-none-eabi/lib/armv7-m/libcr_c.a(fflush.o)
 .comment       0x000000000000006e       0x6f /Applications/MCUXpressoIDE_10.0.2_411/ide/tools/bin/../lib/gcc/arm-none-eabi/5.4.1/../../../../arm-none-eabi/lib/armv7-m/libcr_c.a(fseek.o)
 .comment       0x000000000000006e       0x6f /Applications/MCUXpressoIDE_10.0.2_411/ide/tools/bin/../lib/gcc/arm-none-eabi/5.4.1/../../../../arm-none-eabi/lib/armv7-m/libcr_c.a(ftell.o)
 .comment       0x000000000000006e       0x6f /Applications/MCUXpressoIDE_10.0.2_411/ide/tools/bin/../lib/gcc/arm-none-eabi/5.4.1/../../../../arm-none-eabi/lib/armv7-m/libcr_c.a(remove.o)
 .comment       0x000000000000006e       0x6f /Applications/MCUXpressoIDE_10.0.2_411/ide/tools/bin/../lib/gcc/arm-none-eabi/5.4.1/../../../../arm-none-eabi/lib/armv7-m/libcr_c.a(__init_alloc.o)
 .comment       0x000000000000006e       0x6f /Applications/MCUXpressoIDE_10.0.2_411/ide/tools/bin/../lib/gcc/arm-none-eabi/5.4.1/../../../../arm-none-eabi/lib/armv7-m/libcr_c.a(_cr_sbrk.o)
 .comment       0x000000000000006e       0x6f /Applications/MCUXpressoIDE_10.0.2_411/ide/tools/bin/../lib/gcc/arm-none-eabi/5.4.1/../../../../arm-none-eabi/lib/armv7-m/libcr_c.a(_do_fflush.o)
 .comment       0x000000000000006e       0x6f /Applications/MCUXpressoIDE_10.0.2_411/ide/tools/bin/../lib/gcc/arm-none-eabi/5.4.1/../../../../arm-none-eabi/lib/armv7-m/libcr_c.a(_cr_check_heap.o)
 .comment       0x000000000000006e       0x6f /Applications/MCUXpressoIDE_10.0.2_411/ide/tools/bin/../lib/gcc/arm-none-eabi/5.4.1/armv7-m/libcr_eabihelpers.a(double.o)
 .comment       0x000000000000006e       0x6f /Applications/MCUXpressoIDE_10.0.2_411/ide/tools/bin/../lib/gcc/arm-none-eabi/5.4.1/../../../../arm-none-eabi/lib/armv7-m/libcr_semihost.a(__ciob.o)

.ARM.attributes
                0x0000000000000000       0x31
 .ARM.attributes
                0x0000000000000000       0x33 ./src/SSP_Test.o
 .ARM.attributes
                0x0000000000000033       0x33 ./src/cr_startup_lpc175x_6x.o
 .ARM.attributes
                0x0000000000000066       0x33 ./src/crp.o
 .ARM.attributes
                0x0000000000000099       0x33 ./src/extint.o
 .ARM.attributes
                0x00000000000000cc       0x33 ./src/ssp.o
 .ARM.attributes
                0x00000000000000ff       0x33 /Users/TroyKurniawan/Documents/MCUXpressoIDE_10.0.2/workspace/CMSIS_CORE_LPC17xx/Debug/libCMSIS_CORE_LPC17xx.a(system_LPC17xx.o)
 .ARM.attributes
                0x0000000000000132       0x33 /Applications/MCUXpressoIDE_10.0.2_411/ide/tools/bin/../lib/gcc/arm-none-eabi/5.4.1/../../../../arm-none-eabi/lib/armv7-m/libcr_semihost.a(_cr__main.o)
 .ARM.attributes
                0x0000000000000165       0x33 /Applications/MCUXpressoIDE_10.0.2_411/ide/tools/bin/../lib/gcc/arm-none-eabi/5.4.1/../../../../arm-none-eabi/lib/armv7-m/libcr_c.a(fpprintf.o)
 .ARM.attributes
                0x0000000000000198       0x33 /Applications/MCUXpressoIDE_10.0.2_411/ide/tools/bin/../lib/gcc/arm-none-eabi/5.4.1/../../../../arm-none-eabi/lib/armv7-m/libcr_c.a(initio.o)
 .ARM.attributes
                0x00000000000001cb       0x33 /Applications/MCUXpressoIDE_10.0.2_411/ide/tools/bin/../lib/gcc/arm-none-eabi/5.4.1/../../../../arm-none-eabi/lib/armv7-m/libcr_c.a(printf.o)
 .ARM.attributes
                0x00000000000001fe       0x33 /Applications/MCUXpressoIDE_10.0.2_411/ide/tools/bin/../lib/gcc/arm-none-eabi/5.4.1/../../../../arm-none-eabi/lib/armv7-m/libcr_c.a(scanf.o)
 .ARM.attributes
                0x0000000000000231       0x33 /Applications/MCUXpressoIDE_10.0.2_411/ide/tools/bin/../lib/gcc/arm-none-eabi/5.4.1/../../../../arm-none-eabi/lib/armv7-m/libcr_c.a(setvbuf.o)
 .ARM.attributes
                0x0000000000000264       0x33 /Applications/MCUXpressoIDE_10.0.2_411/ide/tools/bin/../lib/gcc/arm-none-eabi/5.4.1/../../../../arm-none-eabi/lib/armv7-m/libcr_c.a(strlen.o)
 .ARM.attributes
                0x0000000000000297       0x33 /Applications/MCUXpressoIDE_10.0.2_411/ide/tools/bin/../lib/gcc/arm-none-eabi/5.4.1/../../../../arm-none-eabi/lib/armv7-m/libcr_c.a(ungetc.o)
 .ARM.attributes
                0x00000000000002ca       0x33 /Applications/MCUXpressoIDE_10.0.2_411/ide/tools/bin/../lib/gcc/arm-none-eabi/5.4.1/../../../../arm-none-eabi/lib/armv7-m/libcr_c.a(memset.o)
 .ARM.attributes
                0x00000000000002fd       0x33 /Applications/MCUXpressoIDE_10.0.2_411/ide/tools/bin/../lib/gcc/arm-none-eabi/5.4.1/../../../../arm-none-eabi/lib/armv7-m/libcr_c.a(__fillbuf.o)
 .ARM.attributes
                0x0000000000000330       0x33 /Applications/MCUXpressoIDE_10.0.2_411/ide/tools/bin/../lib/gcc/arm-none-eabi/5.4.1/../../../../arm-none-eabi/lib/armv7-m/libcr_c.a(_deferredlazyseek.o)
 .ARM.attributes
                0x0000000000000363       0x33 /Applications/MCUXpressoIDE_10.0.2_411/ide/tools/bin/../lib/gcc/arm-none-eabi/5.4.1/../../../../arm-none-eabi/lib/armv7-m/libcr_c.a(_fdopen.o)
 .ARM.attributes
                0x0000000000000396       0x33 /Applications/MCUXpressoIDE_10.0.2_411/ide/tools/bin/../lib/gcc/arm-none-eabi/5.4.1/../../../../arm-none-eabi/lib/armv7-m/libcr_c.a(_fflush.o)
 .ARM.attributes
                0x00000000000003c9       0x33 /Applications/MCUXpressoIDE_10.0.2_411/ide/tools/bin/../lib/gcc/arm-none-eabi/5.4.1/../../../../arm-none-eabi/lib/armv7-m/libcr_c.a(_frexpl.o)
 .ARM.attributes
                0x00000000000003fc       0x33 /Applications/MCUXpressoIDE_10.0.2_411/ide/tools/bin/../lib/gcc/arm-none-eabi/5.4.1/../../../../arm-none-eabi/lib/armv7-m/libcr_c.a(_hugeval.o)
 .ARM.attributes
                0x000000000000042f       0x33 /Applications/MCUXpressoIDE_10.0.2_411/ide/tools/bin/../lib/gcc/arm-none-eabi/5.4.1/../../../../arm-none-eabi/lib/armv7-m/libcr_c.a(_ldexpl.o)
 .ARM.attributes
                0x0000000000000462       0x33 /Applications/MCUXpressoIDE_10.0.2_411/ide/tools/bin/../lib/gcc/arm-none-eabi/5.4.1/../../../../arm-none-eabi/lib/armv7-m/libcr_c.a(_writebuf.o)
 .ARM.attributes
                0x0000000000000495       0x33 /Applications/MCUXpressoIDE_10.0.2_411/ide/tools/bin/../lib/gcc/arm-none-eabi/5.4.1/../../../../arm-none-eabi/lib/armv7-m/libcr_c.a(alloc.o)
 .ARM.attributes
                0x00000000000004c8       0x33 /Applications/MCUXpressoIDE_10.0.2_411/ide/tools/bin/../lib/gcc/arm-none-eabi/5.4.1/../../../../arm-none-eabi/lib/armv7-m/libcr_c.a(ctype.o)
 .ARM.attributes
                0x00000000000004fb       0x33 /Applications/MCUXpressoIDE_10.0.2_411/ide/tools/bin/../lib/gcc/arm-none-eabi/5.4.1/../../../../arm-none-eabi/lib/armv7-m/libcr_c.a(errno.o)
 .ARM.attributes
                0x000000000000052e       0x33 /Applications/MCUXpressoIDE_10.0.2_411/ide/tools/bin/../lib/gcc/arm-none-eabi/5.4.1/../../../../arm-none-eabi/lib/armv7-m/libcr_c.a(fclose.o)
 .ARM.attributes
                0x0000000000000561       0x33 /Applications/MCUXpressoIDE_10.0.2_411/ide/tools/bin/../lib/gcc/arm-none-eabi/5.4.1/../../../../arm-none-eabi/lib/armv7-m/libcr_c.a(fflush.o)
 .ARM.attributes
                0x0000000000000594       0x33 /Applications/MCUXpressoIDE_10.0.2_411/ide/tools/bin/../lib/gcc/arm-none-eabi/5.4.1/../../../../arm-none-eabi/lib/armv7-m/libcr_c.a(fseek.o)
 .ARM.attributes
                0x00000000000005c7       0x33 /Applications/MCUXpressoIDE_10.0.2_411/ide/tools/bin/../lib/gcc/arm-none-eabi/5.4.1/../../../../arm-none-eabi/lib/armv7-m/libcr_c.a(ftell.o)
 .ARM.attributes
                0x00000000000005fa       0x33 /Applications/MCUXpressoIDE_10.0.2_411/ide/tools/bin/../lib/gcc/arm-none-eabi/5.4.1/../../../../arm-none-eabi/lib/armv7-m/libcr_c.a(remove.o)
 .ARM.attributes
                0x000000000000062d       0x33 /Applications/MCUXpressoIDE_10.0.2_411/ide/tools/bin/../lib/gcc/arm-none-eabi/5.4.1/../../../../arm-none-eabi/lib/armv7-m/libcr_c.a(__init_alloc.o)
 .ARM.attributes
                0x0000000000000660       0x33 /Applications/MCUXpressoIDE_10.0.2_411/ide/tools/bin/../lib/gcc/arm-none-eabi/5.4.1/../../../../arm-none-eabi/lib/armv7-m/libcr_c.a(_cr_sbrk.o)
 .ARM.attributes
                0x0000000000000693       0x33 /Applications/MCUXpressoIDE_10.0.2_411/ide/tools/bin/../lib/gcc/arm-none-eabi/5.4.1/../../../../arm-none-eabi/lib/armv7-m/libcr_c.a(_do_fflush.o)
 .ARM.attributes
                0x00000000000006c6       0x33 /Applications/MCUXpressoIDE_10.0.2_411/ide/tools/bin/../lib/gcc/arm-none-eabi/5.4.1/../../../../arm-none-eabi/lib/armv7-m/libcr_c.a(_cr_check_heap.o)
 .ARM.attributes
                0x00000000000006f9       0x33 /Applications/MCUXpressoIDE_10.0.2_411/ide/tools/bin/../lib/gcc/arm-none-eabi/5.4.1/armv7-m/libcr_eabihelpers.a(double.o)
 .ARM.attributes
                0x000000000000072c       0x21 /Applications/MCUXpressoIDE_10.0.2_411/ide/tools/bin/../lib/gcc/arm-none-eabi/5.4.1/armv7-m/libcr_eabihelpers.a(memcpy.o)
 .ARM.attributes
                0x000000000000074d       0x33 /Applications/MCUXpressoIDE_10.0.2_411/ide/tools/bin/../lib/gcc/arm-none-eabi/5.4.1/../../../../arm-none-eabi/lib/armv7-m/libcr_semihost.a(__ciob.o)
 .ARM.attributes
                0x0000000000000780       0x21 /Applications/MCUXpressoIDE_10.0.2_411/ide/tools/bin/../lib/gcc/arm-none-eabi/5.4.1/../../../../arm-none-eabi/lib/armv7-m/libcr_semihost.a(__sys_appexit.o)
 .ARM.attributes
                0x00000000000007a1       0x21 /Applications/MCUXpressoIDE_10.0.2_411/ide/tools/bin/../lib/gcc/arm-none-eabi/5.4.1/../../../../arm-none-eabi/lib/armv7-m/libcr_semihost.a(__sys_close.o)
 .ARM.attributes
                0x00000000000007c2       0x21 /Applications/MCUXpressoIDE_10.0.2_411/ide/tools/bin/../lib/gcc/arm-none-eabi/5.4.1/../../../../arm-none-eabi/lib/armv7-m/libcr_semihost.a(__sys_flen.o)
 .ARM.attributes
                0x00000000000007e3       0x21 /Applications/MCUXpressoIDE_10.0.2_411/ide/tools/bin/../lib/gcc/arm-none-eabi/5.4.1/../../../../arm-none-eabi/lib/armv7-m/libcr_semihost.a(__sys_istty.o)
 .ARM.attributes
                0x0000000000000804       0x21 /Applications/MCUXpressoIDE_10.0.2_411/ide/tools/bin/../lib/gcc/arm-none-eabi/5.4.1/../../../../arm-none-eabi/lib/armv7-m/libcr_semihost.a(__sys_read.o)
 .ARM.attributes
                0x0000000000000825       0x21 /Applications/MCUXpressoIDE_10.0.2_411/ide/tools/bin/../lib/gcc/arm-none-eabi/5.4.1/../../../../arm-none-eabi/lib/armv7-m/libcr_semihost.a(__sys_readc.o)
 .ARM.attributes
                0x0000000000000846       0x21 /Applications/MCUXpressoIDE_10.0.2_411/ide/tools/bin/../lib/gcc/arm-none-eabi/5.4.1/../../../../arm-none-eabi/lib/armv7-m/libcr_semihost.a(__sys_remove.o)
 .ARM.attributes
                0x0000000000000867       0x21 /Applications/MCUXpressoIDE_10.0.2_411/ide/tools/bin/../lib/gcc/arm-none-eabi/5.4.1/../../../../arm-none-eabi/lib/armv7-m/libcr_semihost.a(__sys_seek.o)
 .ARM.attributes
                0x0000000000000888       0x21 /Applications/MCUXpressoIDE_10.0.2_411/ide/tools/bin/../lib/gcc/arm-none-eabi/5.4.1/../../../../arm-none-eabi/lib/armv7-m/libcr_semihost.a(__sys_tmpnam.o)
 .ARM.attributes
                0x00000000000008a9       0x21 /Applications/MCUXpressoIDE_10.0.2_411/ide/tools/bin/../lib/gcc/arm-none-eabi/5.4.1/../../../../arm-none-eabi/lib/armv7-m/libcr_semihost.a(__sys_write.o)

.debug_frame    0x0000000000000000      0x450
 .debug_frame   0x0000000000000000       0xc0 ./src/SSP_Test.o
 .debug_frame   0x00000000000000c0      0x170 ./src/cr_startup_lpc175x_6x.o
 .debug_frame   0x0000000000000230       0x74 ./src/extint.o
 .debug_frame   0x00000000000002a4      0x170 ./src/ssp.o
 .debug_frame   0x0000000000000414       0x3c /Users/TroyKurniawan/Documents/MCUXpressoIDE_10.0.2/workspace/CMSIS_CORE_LPC17xx/Debug/libCMSIS_CORE_LPC17xx.a(system_LPC17xx.o)
