Archive member included to satisfy reference by file (symbol)

/Users/TroyKurniawan/Documents/MCUXpressoIDE_10.0.2/workspace/CMSIS_CORE_LPC17xx/Debug/libCMSIS_CORE_LPC17xx.a(system_LPC17xx.o)
                              ./src/cr_startup_lpc175x_6x.o (SystemInit)
/Applications/MCUXpressoIDE_10.0.2_411/ide/tools/bin/../lib/gcc/arm-none-eabi/5.4.1/../../../../arm-none-eabi/lib/armv7-m/libcr_semihost.a(_cr__main.o)
                              ./src/cr_startup_lpc175x_6x.o (__main)
/Applications/MCUXpressoIDE_10.0.2_411/ide/tools/bin/../lib/gcc/arm-none-eabi/5.4.1/../../../../arm-none-eabi/lib/armv7-m/libcr_c.a(fpprintf.o)
                              ./src/IR_EXTINT.o (printf)
/Applications/MCUXpressoIDE_10.0.2_411/ide/tools/bin/../lib/gcc/arm-none-eabi/5.4.1/../../../../arm-none-eabi/lib/armv7-m/libcr_c.a(initio.o)
                              /Applications/MCUXpressoIDE_10.0.2_411/ide/tools/bin/../lib/gcc/arm-none-eabi/5.4.1/../../../../arm-none-eabi/lib/armv7-m/libcr_semihost.a(_cr__main.o) (_initio)
/Applications/MCUXpressoIDE_10.0.2_411/ide/tools/bin/../lib/gcc/arm-none-eabi/5.4.1/../../../../arm-none-eabi/lib/armv7-m/libcr_c.a(printf.o)
                              /Applications/MCUXpressoIDE_10.0.2_411/ide/tools/bin/../lib/gcc/arm-none-eabi/5.4.1/../../../../arm-none-eabi/lib/armv7-m/libcr_c.a(fpprintf.o) (__vfprintf)
/Applications/MCUXpressoIDE_10.0.2_411/ide/tools/bin/../lib/gcc/arm-none-eabi/5.4.1/../../../../arm-none-eabi/lib/armv7-m/libcr_c.a(puts.o)
                              ./src/IR_EXTINT.o (puts)
/Applications/MCUXpressoIDE_10.0.2_411/ide/tools/bin/../lib/gcc/arm-none-eabi/5.4.1/../../../../arm-none-eabi/lib/armv7-m/libcr_c.a(setvbuf.o)
                              /Applications/MCUXpressoIDE_10.0.2_411/ide/tools/bin/../lib/gcc/arm-none-eabi/5.4.1/../../../../arm-none-eabi/lib/armv7-m/libcr_c.a(initio.o) (setvbuf)
/Applications/MCUXpressoIDE_10.0.2_411/ide/tools/bin/../lib/gcc/arm-none-eabi/5.4.1/../../../../arm-none-eabi/lib/armv7-m/libcr_c.a(stdlib.o)
                              ./src/extint.o (abs)
/Applications/MCUXpressoIDE_10.0.2_411/ide/tools/bin/../lib/gcc/arm-none-eabi/5.4.1/../../../../arm-none-eabi/lib/armv7-m/libcr_c.a(strlen.o)
                              /Applications/MCUXpressoIDE_10.0.2_411/ide/tools/bin/../lib/gcc/arm-none-eabi/5.4.1/../../../../arm-none-eabi/lib/armv7-m/libcr_c.a(printf.o) (strlen)
/Applications/MCUXpressoIDE_10.0.2_411/ide/tools/bin/../lib/gcc/arm-none-eabi/5.4.1/../../../../arm-none-eabi/lib/armv7-m/libcr_c.a(memset.o)
                              /Applications/MCUXpressoIDE_10.0.2_411/ide/tools/bin/../lib/gcc/arm-none-eabi/5.4.1/../../../../arm-none-eabi/lib/armv7-m/libcr_c.a(fpprintf.o) (memset)
/Applications/MCUXpressoIDE_10.0.2_411/ide/tools/bin/../lib/gcc/arm-none-eabi/5.4.1/../../../../arm-none-eabi/lib/armv7-m/libcr_c.a(_deferredlazyseek.o)
                              /Applications/MCUXpressoIDE_10.0.2_411/ide/tools/bin/../lib/gcc/arm-none-eabi/5.4.1/../../../../arm-none-eabi/lib/armv7-m/libcr_c.a(fpprintf.o) (__flsbuf)
/Applications/MCUXpressoIDE_10.0.2_411/ide/tools/bin/../lib/gcc/arm-none-eabi/5.4.1/../../../../arm-none-eabi/lib/armv7-m/libcr_c.a(_fdopen.o)
                              /Applications/MCUXpressoIDE_10.0.2_411/ide/tools/bin/../lib/gcc/arm-none-eabi/5.4.1/../../../../arm-none-eabi/lib/armv7-m/libcr_c.a(initio.o) (_fdopen)
/Applications/MCUXpressoIDE_10.0.2_411/ide/tools/bin/../lib/gcc/arm-none-eabi/5.4.1/../../../../arm-none-eabi/lib/armv7-m/libcr_c.a(_fflush.o)
                              /Applications/MCUXpressoIDE_10.0.2_411/ide/tools/bin/../lib/gcc/arm-none-eabi/5.4.1/../../../../arm-none-eabi/lib/armv7-m/libcr_c.a(_deferredlazyseek.o) (_fflush)
/Applications/MCUXpressoIDE_10.0.2_411/ide/tools/bin/../lib/gcc/arm-none-eabi/5.4.1/../../../../arm-none-eabi/lib/armv7-m/libcr_c.a(_frexpl.o)
                              /Applications/MCUXpressoIDE_10.0.2_411/ide/tools/bin/../lib/gcc/arm-none-eabi/5.4.1/../../../../arm-none-eabi/lib/armv7-m/libcr_c.a(fpprintf.o) (_frexpl)
/Applications/MCUXpressoIDE_10.0.2_411/ide/tools/bin/../lib/gcc/arm-none-eabi/5.4.1/../../../../arm-none-eabi/lib/armv7-m/libcr_c.a(_ldexpl.o)
                              /Applications/MCUXpressoIDE_10.0.2_411/ide/tools/bin/../lib/gcc/arm-none-eabi/5.4.1/../../../../arm-none-eabi/lib/armv7-m/libcr_c.a(fpprintf.o) (_ldexpl)
/Applications/MCUXpressoIDE_10.0.2_411/ide/tools/bin/../lib/gcc/arm-none-eabi/5.4.1/../../../../arm-none-eabi/lib/armv7-m/libcr_c.a(_writebuf.o)
                              /Applications/MCUXpressoIDE_10.0.2_411/ide/tools/bin/../lib/gcc/arm-none-eabi/5.4.1/../../../../arm-none-eabi/lib/armv7-m/libcr_c.a(_deferredlazyseek.o) (_Cwritebuf)
/Applications/MCUXpressoIDE_10.0.2_411/ide/tools/bin/../lib/gcc/arm-none-eabi/5.4.1/../../../../arm-none-eabi/lib/armv7-m/libcr_c.a(alloc.o)
[...]
Memory Configuration

Name             Origin             Length             Attributes
MFlash512        0x0000000000000000 0x0000000000080000 xr
RamLoc32         0x0000000010000000 0x0000000000008000 xrw
RamAHB32         0x000000002007c000 0x0000000000008000 xrw
*default*        0x0000000000000000 0xffffffffffffffff

Linker script and memory map

LOAD ./src/IR_EXTINT.o
LOAD ./src/cr_startup_lpc175x_6x.o
LOAD ./src/crp.o
LOAD ./src/extint.o
LOAD ./src/ssp.o
LOAD ./src/timer.o
LOAD ./src/uart.o
LOAD /Users/TroyKurniawan/Documents/MCUXpressoIDE_10.0.2/workspace/CMSIS_CORE_LPC17xx/Debug/libCMSIS_CORE_LPC17xx.a
START GROUP
LOAD /Applications/MCUXpressoIDE_10.0.2_411/ide/tools/bin/../lib/gcc/arm-none-eabi/5.4.1/../../../../arm-none-eabi/lib/armv7-m/libcr_semihost.a
LOAD /Applications/MCUXpressoIDE_10.0.2_411/ide/tools/bin/../lib/gcc/arm-none-eabi/5.4.1/../../../../arm-none-eabi/lib/armv7-m/libcr_c.a
LOAD /Applications/MCUXpressoIDE_10.0.2_411/ide/tools/bin/../lib/gcc/arm-none-eabi/5.4.1/armv7-m/libcr_eabihelpers.a
END GROUP
                0x0000000000000000                __base_MFlash512 = 0x0
                0x0000000000000000                __base_Flash = 0x0
                0x0000000000080000                __top_MFlash512 = 0x80000
                0x0000000000080000                __top_Flash = 0x80000
                0x0000000010000000                __base_RamLoc32 = 0x10000000
                0x0000000010000000                __base_RAM = 0x10000000
                0x0000000010008000                __top_RamLoc32 = 0x10008000
                0x0000000010008000                __top_RAM = 0x10008000
                0x000000002007c000                __base_RamAHB32 = 0x2007c000
                0x000000002007c000                __base_RAM2 = 0x2007c000
                0x0000000020084000                __top_RamAHB32 = 0x20084000
                0x0000000020084000                __top_RAM2 = 0x20084000

.text           0x0000000000000000     0x3d44
 FILL mask 0xff
                0x0000000000000000                __vectors_start__ = ABSOLUTE (.)
 *(.isr_vector)
 .isr_vector    0x0000000000000000       0xcc ./src/cr_startup_lpc175x_6x.o
                0x0000000000000000                g_pfnVectors
                0x00000000000000cc                . = ALIGN (0x4)
                0x00000000000000cc                __section_table_start = .
                0x00000000000000cc                __data_section_table = .
                0x00000000000000cc        0x4 LONG 0x3d44 LOADADDR (.data)
                0x00000000000000d0        0x4 LONG 0x10000000 ADDR (.data)
                0x00000000000000d4        0x4 LONG 0x30 SIZEOF (.data)
                0x00000000000000d8        0x4 LONG 0x3d44 LOADADDR (.data_RAM2)
                0x00000000000000dc        0x4 LONG 0x2007c000 ADDR (.data_RAM2)
                0x00000000000000e0        0x4 LONG 0x0 SIZEOF (.data_RAM2)
                0x00000000000000e4                __data_section_table_end = .
                0x00000000000000e4                __bss_section_table = .
                0x00000000000000e4        0x4 LONG 0x10000030 ADDR (.bss)
                0x00000000000000e8        0x4 LONG 0x330 SIZEOF (.bss)
                0x00000000000000ec        0x4 LONG 0x2007c000 ADDR (.bss_RAM2)
                0x00000000000000f0        0x4 LONG 0x0 SIZEOF (.bss_RAM2)
                0x00000000000000f4                __bss_section_table_end = .
                0x00000000000000f4                __section_table_end = .
 *(.after_vectors*)
 .after_vectors
                0x00000000000000f4      0x144 ./src/cr_startup_lpc175x_6x.o
                0x00000000000000f4                data_init
                0x0000000000000138                bss_init
                0x0000000000000170                ResetISR
                0x00000000000001e8                NMI_Handler
                0x00000000000001f0                HardFault_Handler
                0x00000000000001f8                MemManage_Handler
                0x0000000000000200                BusFault_Handler
                0x0000000000000208                UsageFault_Handler
                0x0000000000000210                SVC_Handler
                0x0000000000000218                DebugMon_Handler
                0x0000000000000220                PendSV_Handler
                0x0000000000000228                SysTick_Handler
                0x0000000000000230                CAN_IRQHandler
                0x0000000000000230                PLL1_IRQHandler
                0x0000000000000230                I2S_IRQHandler
                0x0000000000000230                I2C2_IRQHandler
                0x0000000000000230                RTC_IRQHandler
                0x0000000000000230                SPI_IRQHandler
                0x0000000000000230                UART2_IRQHandler
                0x0000000000000230                ADC_IRQHandler
                0x0000000000000230                USB_IRQHandler
                0x0000000000000230                BOD_IRQHandler
                0x0000000000000230                WDT_IRQHandler
                0x0000000000000230                QEI_IRQHandler
                0x0000000000000230                EINT0_IRQHandler
                0x0000000000000230                DMA_IRQHandler
                0x0000000000000230                MCPWM_IRQHandler
                0x0000000000000230                TIMER2_IRQHandler
                0x0000000000000230                ENET_IRQHandler
                0x0000000000000230                RIT_IRQHandler
                0x0000000000000230                I2C0_IRQHandler
                0x0000000000000230                USBActivity_IRQHandler
                0x0000000000000230                PWM1_IRQHandler
                0x0000000000000230                I2C1_IRQHandler
                0x0000000000000230                EINT2_IRQHandler
                0x0000000000000230                EINT3_IRQHandler
                0x0000000000000230                CANActivity_IRQHandler
                0x0000000000000230                TIMER3_IRQHandler
                0x0000000000000230                IntDefaultHandler
                0x0000000000000230                PLL0_IRQHandler
                0x00000000000002fc                . = 0x2fc
 *fill*         0x0000000000000238       0xc4 ff
                0x00000000000002fc                PROVIDE (__CRP_WORD_START__, .)
 *(.crp)
 .crp           0x00000000000002fc        0x4 ./src/crp.o
                0x00000000000002fc                CRP_WORD
                0x0000000000000300                PROVIDE (__CRP_WORD_END__, .)
                0x0000000000000001                ASSERT (! ((__CRP_WORD_START__ == __CRP_WORD_END__)), Linker CRP Enabled, but no CRP_WORD provided within application)
 *(.text*)
 .text.spiwrite
                0x0000000000000300       0x40 ./src/IR_EXTINT.o
                0x0000000000000300                spiwrite
 .text.writecommand
                0x0000000000000340       0x2c ./src/IR_EXTINT.o
                0x0000000000000340                writecommand
 .text.writedata
                0x000000000000036c       0x2c ./src/IR_EXTINT.o
                0x000000000000036c                writedata
 .text.writeword
                0x0000000000000398       0x30 ./src/IR_EXTINT.o
                0x0000000000000398                writeword
 .text.write888
                0x00000000000003c8       0x50 ./src/IR_EXTINT.o
                0x00000000000003c8                write888
 .text.setAddrWindow
                0x0000000000000418       0x54 ./src/IR_EXTINT.o
                0x0000000000000418                setAddrWindow
 .text.fillrect
                0x000000000000046c       0x68 ./src/IR_EXTINT.o
                0x000000000000046c                fillrect
 .text.lcddelay
                0x00000000000004d4       0x30 ./src/IR_EXTINT.o
                0x00000000000004d4                lcddelay
 .text.lcd_init
                0x0000000000000504       0xc4 ./src/IR_EXTINT.o
                0x0000000000000504                lcd_init
 .text.drawPixel
                0x00000000000005c8       0x6c ./src/IR_EXTINT.o
                0x00000000000005c8                drawPixel
 .text.main     0x0000000000000634       0x7c ./src/IR_EXTINT.o
                0x0000000000000634                main
 .text.NVIC_EnableIRQ
                0x00000000000006b0       0x30 ./src/extint.o
 .text.drawLine
                0x00000000000006e0      0x190 ./src/extint.o
                0x00000000000006e0                drawLine
 .text.EINT1_IRQHandler
                0x0000000000000870      0x39c ./src/extint.o
                0x0000000000000870                EINT1_IRQHandler
 .text.EINTInit
                0x0000000000000c0c       0x68 ./src/extint.o
                0x0000000000000c0c                EINTInit
 .text.NVIC_EnableIRQ
                0x0000000000000c74       0x30 ./src/ssp.o
 .text.SSP0_IRQHandler
                0x0000000000000ca4       0x70 ./src/ssp.o
                0x0000000000000ca4                SSP0_IRQHandler
 .text.SSP1_IRQHandler
                0x0000000000000d14       0x70 ./src/ssp.o
                0x0000000000000d14                SSP1_IRQHandler
 .text.SSP_SSELToggle
                0x0000000000000d84       0x68 ./src/ssp.o
                0x0000000000000d84                SSP_SSELToggle
 .text.SSP0Init
                0x0000000000000dec       0xc0 ./src/ssp.o
                0x0000000000000dec                SSP0Init
 .text.SSPSend  0x0000000000000eac       0xa0 ./src/ssp.o
                0x0000000000000eac                SSPSend
 .text.delayMs  0x0000000000000f4c       0xac ./src/timer.o
                0x0000000000000f4c                delayMs
 .text.TIMER0_IRQHandler
                0x0000000000000ff8       0xa0 ./src/timer.o
                0x0000000000000ff8                TIMER0_IRQHandler
 .text.TIMER1_IRQHandler
                0x0000000000001098       0x94 ./src/timer.o
                0x0000000000001098                TIMER1_IRQHandler
 .text.UART0_IRQHandler
                0x000000000000112c       0xf4 ./src/uart.o
                0x000000000000112c                UART0_IRQHandler
 .text.UART3_IRQHandler
                0x0000000000001220       0xf8 ./src/uart.o
                0x0000000000001220                UART3_IRQHandler
 .text.UART1_IRQHandler
                0x0000000000001318       0xf4 ./src/uart.o
                0x0000000000001318                UART1_IRQHandler
 .text.SystemInit
                0x000000000000140c       0xe4 /Users/TroyKurniawan/Documents/MCUXpressoIDE_10.0.2/workspace/CMSIS_CORE_LPC17xx/Debug/libCMSIS_CORE_LPC17xx.a(system_LPC17xx.o)
                0x000000000000140c                SystemInit
 .text.__main   0x00000000000014f0        0xe /Applications/MCUXpressoIDE_10.0.2_411/ide/tools/bin/../lib/gcc/arm-none-eabi/5.4.1/../../../../arm-none-eabi/lib/armv7-m/libcr_semihost.a(_cr__main.o)
                0x00000000000014f0                __main
                0x00000000000014f0                __CR_SEMIHOST
 .text.fp_round
                0x00000000000014fe       0x4c /Applications/MCUXpressoIDE_10.0.2_411/ide/tools/bin/../lib/gcc/arm-none-eabi/5.4.1/../../../../arm-none-eabi/lib/armv7-m/libcr_c.a(fpprintf.o)
 .text.pr_dec.constprop.1
                0x000000000000154a       0x26 /Applications/MCUXpressoIDE_10.0.2_411/ide/tools/bin/../lib/gcc/arm-none-eabi/5.4.1/../../../../arm-none-eabi/lib/armv7-m/libcr_c.a(fpprintf.o)
 .text.sprintf  0x0000000000001570       0x6c /Applications/MCUXpressoIDE_10.0.2_411/ide/tools/bin/../lib/gcc/arm-none-eabi/5.4.1/../../../../arm-none-eabi/lib/armv7-m/libcr_c.a(fpprintf.o)
                0x0000000000001570                sprintf
 *fill*         0x00000000000015dc        0x4 ff
 .text.fp_display
                0x00000000000015e0      0x8ec /Applications/MCUXpressoIDE_10.0.2_411/ide/tools/bin/../lib/gcc/arm-none-eabi/5.4.1/../../../../arm-none-eabi/lib/armv7-m/libcr_c.a(fpprintf.o)
 .text.vsnprintf
                0x0000000000001ecc       0x5c /Applications/MCUXpressoIDE_10.0.2_411/ide/tools/bin/../lib/gcc/arm-none-eabi/5.4.1/../../../../arm-none-eabi/lib/armv7-m/libcr_c.a(fpprintf.o)
                0x0000000000001ecc                vsnprintf
 .text.printf   0x0000000000001f28       0x54 /Applications/MCUXpressoIDE_10.0.2_411/ide/tools/bin/../lib/gcc/arm-none-eabi/5.4.1/../../../../arm-none-eabi/lib/armv7-m/libcr_c.a(fpprintf.o)
                0x0000000000001f28                printf
 .text._initio  0x0000000000001f7c       0x78 /Applications/MCUXpressoIDE_10.0.2_411/ide/tools/bin/../lib/gcc/arm-none-eabi/5.4.1/../../../../arm-none-eabi/lib/armv7-m/libcr_c.a(initio.o)
                0x0000000000001f7c                _initio
 .text.__vfprintf
                0x0000000000001ff4      0xd28 /Applications/MCUXpressoIDE_10.0.2_411/ide/tools/bin/../lib/gcc/arm-none-eabi/5.4.1/../../../../arm-none-eabi/lib/armv7-m/libcr_c.a(printf.o)
                0x0000000000001ff4                __vfprintf
 .text.puts     0x0000000000002d1c       0x34 /Applications/MCUXpressoIDE_10.0.2_411/ide/tools/bin/../lib/gcc/arm-none-eabi/5.4.1/../../../../arm-none-eabi/lib/armv7-m/libcr_c.a(puts.o)
                0x0000000000002d1c                puts
 .text.setvbuf  0x0000000000002d50       0x44 /Applications/MCUXpressoIDE_10.0.2_411/ide/tools/bin/../lib/gcc/arm-none-eabi/5.4.1/../../../../arm-none-eabi/lib/armv7-m/libcr_c.a(setvbuf.o)
                0x0000000000002d50                setvbuf
 .text.abs      0x0000000000002d94        0x8 /Applications/MCUXpressoIDE_10.0.2_411/ide/tools/bin/../lib/gcc/arm-none-eabi/5.4.1/../../../../arm-none-eabi/lib/armv7-m/libcr_c.a(stdlib.o)
                0x0000000000002d94                abs
 .text.strlen   0x0000000000002d9c       0x4a /Applications/MCUXpressoIDE_10.0.2_411/ide/tools/bin/../lib/gcc/arm-none-eabi/5.4.1/../../../../arm-none-eabi/lib/armv7-m/libcr_c.a(strlen.o)
                0x0000000000002d9c                strlen
 .text.memset   0x0000000000002de6        0x4 /Applications/MCUXpressoIDE_10.0.2_411/ide/tools/bin/../lib/gcc/arm-none-eabi/5.4.1/../../../../arm-none-eabi/lib/armv7-m/libcr_c.a(memset.o)
                0x0000000000002de6                memset
 .text._deferredlazyseek
                0x0000000000002dea       0x40 /Applications/MCUXpressoIDE_10.0.2_411/ide/tools/bin/../lib/gcc/arm-none-eabi/5.4.1/../../../../arm-none-eabi/lib/armv7-m/libcr_c.a(_deferredlazyseek.o)
                0x0000000000002dea                _deferredlazyseek
 .text.__flsbuf
                0x0000000000002e2a      0x13e /Applications/MCUXpressoIDE_10.0.2_411/ide/tools/bin/../lib/gcc/arm-none-eabi/5.4.1/../../../../arm-none-eabi/lib/armv7-m/libcr_c.a(_deferredlazyseek.o)
                0x0000000000002e2a                __flsbuf
 .text._fdopen  0x0000000000002f68       0x6a /Applications/MCUXpressoIDE_10.0.2_411/ide/tools/bin/../lib/gcc/arm-none-eabi/5.4.1/../../../../arm-none-eabi/lib/armv7-m/libcr_c.a(_fdopen.o)
                0x0000000000002f68                _fdopen
 .text._fflush  0x0000000000002fd2       0x54 /Applications/MCUXpressoIDE_10.0.2_411/ide/tools/bin/../lib/gcc/arm-none-eabi/5.4.1/../../../../arm-none-eabi/lib/armv7-m/libcr_c.a(_fflush.o)
                0x0000000000002fd2                _fflush
 .text._frexpl  0x0000000000003026       0x5a /Applications/MCUXpressoIDE_10.0.2_411/ide/tools/bin/../lib/gcc/arm-none-eabi/5.4.1/../../../../arm-none-eabi/lib/armv7-m/libcr_c.a(_frexpl.o)
                0x0000000000003026                _frexpl
 .text._ldexpl  0x0000000000003080       0x4c /Applications/MCUXpressoIDE_10.0.2_411/ide/tools/bin/../lib/gcc/arm-none-eabi/5.4.1/../../../../arm-none-eabi/lib/armv7-m/libcr_c.a(_ldexpl.o)
                0x0000000000003080                _ldexpl
 .text._Cwritebuf
                0x00000000000030cc       0x68 /Applications/MCUXpressoIDE_10.0.2_411/ide/tools/bin/../lib/gcc/arm-none-eabi/5.4.1/../../../../arm-none-eabi/lib/armv7-m/libcr_c.a(_writebuf.o)
                0x00000000000030cc                _Cwritebuf
 .text.malloc   0x0000000000003134       0xc8 /Applications/MCUXpressoIDE_10.0.2_411/ide/tools/bin/../lib/gcc/arm-none-eabi/5.4.1/../../../../arm-none-eabi/lib/armv7-m/libcr_c.a(alloc.o)
                0x0000000000003134                malloc
 .text.free     0x00000000000031fc       0x30 /Applications/MCUXpressoIDE_10.0.2_411/ide/tools/bin/../lib/gcc/arm-none-eabi/5.4.1/../../../../arm-none-eabi/lib/armv7-m/libcr_c.a(alloc.o)
                0x00000000000031fc                free
 .text._Csys_alloc
                0x000000000000322c       0x20 /Applications/MCUXpressoIDE_10.0.2_411/ide/tools/bin/../lib/gcc/arm-none-eabi/5.4.1/../../../../arm-none-eabi/lib/armv7-m/libcr_c.a(alloc.o)
                0x000000000000322c                _Csys_alloc
 .text.fclose   0x000000000000324c       0x58 /Applications/MCUXpressoIDE_10.0.2_411/ide/tools/bin/../lib/gcc/arm-none-eabi/5.4.1/../../../../arm-none-eabi/lib/armv7-m/libcr_c.a(fclose.o)
                0x000000000000324c                fclose
 .text.fflush   0x00000000000032a4       0x48 /Applications/MCUXpressoIDE_10.0.2_411/ide/tools/bin/../lib/gcc/arm-none-eabi/5.4.1/../../../../arm-none-eabi/lib/armv7-m/libcr_c.a(fflush.o)
                0x00000000000032a4                fflush
 .text.fseek    0x00000000000032ec      0x100 /Applications/MCUXpressoIDE_10.0.2_411/ide/tools/bin/../lib/gcc/arm-none-eabi/5.4.1/../../../../arm-none-eabi/lib/armv7-m/libcr_c.a(fseek.o)
                0x00000000000032ec                fseek
 .text.ftell    0x00000000000033ec       0x48 /Applications/MCUXpressoIDE_10.0.2_411/ide/tools/bin/../lib/gcc/arm-none-eabi/5.4.1/../../../../arm-none-eabi/lib/armv7-m/libcr_c.a(ftell.o)
                0x00000000000033ec                ftell
 .text.remove   0x0000000000003434       0x14 /Applications/MCUXpressoIDE_10.0.2_411/ide/tools/bin/../lib/gcc/arm-none-eabi/5.4.1/../../../../arm-none-eabi/lib/armv7-m/libcr_c.a(remove.o)
                0x0000000000003434                remove
 .text._sbrk    0x0000000000003448       0x40 /Applications/MCUXpressoIDE_10.0.2_411/ide/tools/bin/../lib/gcc/arm-none-eabi/5.4.1/../../../../arm-none-eabi/lib/armv7-m/libcr_c.a(_cr_sbrk.o)
                0x0000000000003448                _sbrk
 .text._do_fflush
                0x0000000000003488       0x42 /Applications/MCUXpressoIDE_10.0.2_411/ide/tools/bin/../lib/gcc/arm-none-eabi/5.4.1/../../../../arm-none-eabi/lib/armv7-m/libcr_c.a(_do_fflush.o)
                0x0000000000003488                _do_fflush
 *fill*         0x00000000000034ca        0x2 ff
 .text.__check_heap_overflow
                0x00000000000034cc       0x18 /Applications/MCUXpressoIDE_10.0.2_411/ide/tools/bin/../lib/gcc/arm-none-eabi/5.4.1/../../../../arm-none-eabi/lib/armv7-m/libcr_c.a(_cr_check_heap.o)
                0x00000000000034cc                __check_heap_overflow
 .text.__aeabi_dmul
                0x00000000000034e4      0x110 /Applications/MCUXpressoIDE_10.0.2_411/ide/tools/bin/../lib/gcc/arm-none-eabi/5.4.1/armv7-m/libcr_eabihelpers.a(double.o)
                0x00000000000034e4                __aeabi_dmul
 .text.__aeabi_ddiv
                0x00000000000035f4      0x138 /Applications/MCUXpressoIDE_10.0.2_411/ide/tools/bin/../lib/gcc/arm-none-eabi/5.4.1/armv7-m/libcr_eabihelpers.a(double.o)
                0x00000000000035f4                __aeabi_ddiv
 .text.__aeabi_dsub
                0x000000000000372c      0x1a0 /Applications/MCUXpressoIDE_10.0.2_411/ide/tools/bin/../lib/gcc/arm-none-eabi/5.4.1/armv7-m/libcr_eabihelpers.a(double.o)
                0x000000000000372c                __aeabi_dsub
 .text.__aeabi_dadd
                0x00000000000038cc      0x10c /Applications/MCUXpressoIDE_10.0.2_411/ide/tools/bin/../lib/gcc/arm-none-eabi/5.4.1/armv7-m/libcr_eabihelpers.a(double.o)
                0x00000000000038cc                __aeabi_dadd
 .text.__aeabi_d2iz
                0x00000000000039d8       0x40 /Applications/MCUXpressoIDE_10.0.2_411/ide/tools/bin/../lib/gcc/arm-none-eabi/5.4.1/armv7-m/libcr_eabihelpers.a(double.o)
                0x00000000000039d8                __aeabi_d2iz
 .text.__bhs_ui2d
                0x0000000000003a18       0x46 /Applications/MCUXpressoIDE_10.0.2_411/ide/tools/bin/../lib/gcc/arm-none-eabi/5.4.1/armv7-m/libcr_eabihelpers.a(double.o)
                0x0000000000003a18                __bhs_ui2d
 .text.__aeabi_i2d
                0x0000000000003a5e       0x10 /Applications/MCUXpressoIDE_10.0.2_411/ide/tools/bin/../lib/gcc/arm-none-eabi/5.4.1/armv7-m/libcr_eabihelpers.a(double.o)
                0x0000000000003a5e                __aeabi_i2d
 .text.__aeabi_dcmpeq
                0x0000000000003a6e       0x2c /Applications/MCUXpressoIDE_10.0.2_411/ide/tools/bin/../lib/gcc/arm-none-eabi/5.4.1/armv7-m/libcr_eabihelpers.a(double.o)
                0x0000000000003a6e                __aeabi_dcmpeq
 .text.__aeabi_dcmplt
                0x0000000000003a9a       0x54 /Applications/MCUXpressoIDE_10.0.2_411/ide/tools/bin/../lib/gcc/arm-none-eabi/5.4.1/armv7-m/libcr_eabihelpers.a(double.o)
                0x0000000000003a9a                __aeabi_dcmplt
 .text.__aeabi_dcmple
                0x0000000000003aee       0x54 /Applications/MCUXpressoIDE_10.0.2_411/ide/tools/bin/../lib/gcc/arm-none-eabi/5.4.1/armv7-m/libcr_eabihelpers.a(double.o)
                0x0000000000003aee                __aeabi_dcmple
 .text.__aeabi_dcmpge
                0x0000000000003b42       0x54 /Applications/MCUXpressoIDE_10.0.2_411/ide/tools/bin/../lib/gcc/arm-none-eabi/5.4.1/armv7-m/libcr_eabihelpers.a(double.o)
                0x0000000000003b42                __aeabi_dcmpge
 .text.__aeabi_memset_lowlevel
                0x0000000000003b96       0x32 /Applications/MCUXpressoIDE_10.0.2_411/ide/tools/bin/../lib/gcc/arm-none-eabi/5.4.1/armv7-m/libcr_eabihelpers.a(memcpy.o)
                0x0000000000003b96                __aeabi_lowlevel_memset
 .text.__sys_appexit
                0x0000000000003bc8        0xc /Applications/MCUXpressoIDE_10.0.2_411/ide/tools/bin/../lib/gcc/arm-none-eabi/5.4.1/../../../../arm-none-eabi/lib/armv7-m/libcr_semihost.a(__sys_appexit.o)
                0x0000000000003bc8                __exit
                0x0000000000003bc8                __sys_appexit
 .text.__sys_close
                0x0000000000003bd4        0xc /Applications/MCUXpressoIDE_10.0.2_411/ide/tools/bin/../lib/gcc/arm-none-eabi/5.4.1/../../../../arm-none-eabi/lib/armv7-m/libcr_semihost.a(__sys_close.o)
                0x0000000000003bd4                __sys_close
 .text.__sys_flen
                0x0000000000003be0        0xc /Applications/MCUXpressoIDE_10.0.2_411/ide/tools/bin/../lib/gcc/arm-none-eabi/5.4.1/../../../../arm-none-eabi/lib/armv7-m/libcr_semihost.a(__sys_flen.o)
                0x0000000000003be0                __sys_flen
 .text.__sys_istty
                0x0000000000003bec        0xc /Applications/MCUXpressoIDE_10.0.2_411/ide/tools/bin/../lib/gcc/arm-none-eabi/5.4.1/../../../../arm-none-eabi/lib/armv7-m/libcr_semihost.a(__sys_istty.o)
                0x0000000000003bec                __sys_istty
 .text.__sys_remove
                0x0000000000003bf8        0xc /Applications/MCUXpressoIDE_10.0.2_411/ide/tools/bin/../lib/gcc/arm-none-eabi/5.4.1/../../../../arm-none-eabi/lib/armv7-m/libcr_semihost.a(__sys_remove.o)
                0x0000000000003bf8                __sys_remove
 .text.__sys_seek
                0x0000000000003c04        0xc /Applications/MCUXpressoIDE_10.0.2_411/ide/tools/bin/../lib/gcc/arm-none-eabi/5.4.1/../../../../arm-none-eabi/lib/armv7-m/libcr_semihost.a(__sys_seek.o)
                0x0000000000003c04                __sys_seek
 .text.__sys_tmpnam
                0x0000000000003c10        0xc /Applications/MCUXpressoIDE_10.0.2_411/ide/tools/bin/../lib/gcc/arm-none-eabi/5.4.1/../../../../arm-none-eabi/lib/armv7-m/libcr_semihost.a(__sys_tmpnam.o)
                0x0000000000003c10                __sys_tmpnam
 .text.__sys_write
                0x0000000000003c1c        0xc /Applications/MCUXpressoIDE_10.0.2_411/ide/tools/bin/../lib/gcc/arm-none-eabi/5.4.1/../../../../arm-none-eabi/lib/armv7-m/libcr_semihost.a(__sys_write.o)
                0x0000000000003c1c                __sys_write
 *(.rodata .rodata.* .constdata .constdata.*)
 .rodata        0x0000000000003c28       0x6e ./src/IR_EXTINT.o
 *fill*         0x0000000000003c96        0x2 ff
 .rodata        0x0000000000003c98       0x1d ./src/extint.o
 .rodata.str1.1
                0x0000000000003cb5       0x34 /Applications/MCUXpressoIDE_10.0.2_411/ide/tools/bin/../lib/gcc/arm-none-eabi/5.4.1/../../../../arm-none-eabi/lib/armv7-m/libcr_c.a(fpprintf.o)
                                         0x35 (size before relaxing)
 .rodata.str1.1
                0x0000000000003ce9        0x4 /Applications/MCUXpressoIDE_10.0.2_411/ide/tools/bin/../lib/gcc/arm-none-eabi/5.4.1/../../../../arm-none-eabi/lib/armv7-m/libcr_c.a(initio.o)
 .rodata.str1.1
                0x0000000000003ced       0x31 /Applications/MCUXpressoIDE_10.0.2_411/ide/tools/bin/../lib/gcc/arm-none-eabi/5.4.1/../../../../arm-none-eabi/lib/armv7-m/libcr_c.a(printf.o)
                                         0x38 (size before relaxing)
 .rodata.str1.1
                0x0000000000003d1e       0x31 /Applications/MCUXpressoIDE_10.0.2_411/ide/tools/bin/../lib/gcc/arm-none-eabi/5.4.1/../../../../arm-none-eabi/lib/armv7-m/libcr_c.a(puts.o)
                                          0x2 (size before relaxing)
 .rodata.str1.1
                0x0000000000003d1e       0x18 /Applications/MCUXpressoIDE_10.0.2_411/ide/tools/bin/../lib/gcc/arm-none-eabi/5.4.1/../../../../arm-none-eabi/lib/armv7-m/libcr_c.a(alloc.o)
 *fill*         0x0000000000003d36        0x2 ff
 .rodata.__huge_vall
                0x0000000000003d38        0x8 /Applications/MCUXpressoIDE_10.0.2_411/ide/tools/bin/../lib/gcc/arm-none-eabi/5.4.1/../../../../arm-none-eabi/lib/armv7-m/libcr_c.a(_hugeval.o)
                0x0000000000003d38                __huge_vall
 .rodata.__num_Ciob_streams
                0x0000000000003d40        0x4 /Applications/MCUXpressoIDE_10.0.2_411/ide/tools/bin/../lib/gcc/arm-none-eabi/5.4.1/../../../../arm-none-eabi/lib/armv7-m/libcr_semihost.a(__ciob.o)
                0x0000000000003d40                __num_Ciob_streams
                0x0000000000003d44                . = ALIGN (0x4)

.glue_7         0x0000000000003d44        0x0
 .glue_7        0x0000000000003d44        0x0 linker stubs

.glue_7t        0x0000000000003d44        0x0
 .glue_7t       0x0000000000003d44        0x0 linker stubs

.vfp11_veneer   0x0000000000003d44        0x0
 .vfp11_veneer  0x0000000000003d44        0x0 linker stubs

.v4_bx          0x0000000000003d44        0x0
 .v4_bx         0x0000000000003d44        0x0 linker stubs

.iplt           0x0000000000003d44        0x0
 .iplt          0x0000000000003d44        0x0 ./src/IR_EXTINT.o

.rel.dyn        0x0000000000003d44        0x0
 .rel.iplt      0x0000000000003d44        0x0 ./src/IR_EXTINT.o

.ARM.extab
 *(.ARM.extab* .gnu.linkonce.armextab.*)
                0x0000000000003d44                __exidx_start = .

.ARM.exidx
 *(.ARM.exidx* .gnu.linkonce.armexidx.*)
                0x0000000000003d44                __exidx_end = .
                0x0000000000003d44                _etext = .

.data_RAM2      0x000000002007c000        0x0 load address 0x0000000000003d44
 FILL mask 0xff
                [!provide]                        PROVIDE (__start_data_RAM2, .)
 *(.ramfunc.$RAM2)
 *(.ramfunc.$RamAHB32)
 *(.data.$RAM2*)
 *(.data.$RamAHB32*)
                0x000000002007c000                . = ALIGN (0x4)
                [!provide]                        PROVIDE (__end_data_RAM2, .)

.uninit_RESERVED
                0x0000000010000000        0x0
 *(.bss.$RESERVED*)
                0x0000000010000000                . = ALIGN (0x4)
                0x0000000010000000                _end_uninit_RESERVED = .

.data           0x0000000010000000       0x30 load address 0x0000000000003d44
 FILL mask 0xff
                0x0000000010000000                _data = .
 *(vtable)
 *(.ramfunc*)
 *(.data*)
 .data._height  0x0000000010000000        0x4 ./src/IR_EXTINT.o
                0x0000000010000000                _height
 .data._width   0x0000000010000004        0x4 ./src/IR_EXTINT.o
                0x0000000010000004                _width
 .data.key_count2
                0x0000000010000008        0x4 ./src/extint.o
                0x0000000010000008                key_count2
 .data.x0       0x000000001000000c        0x4 ./src/extint.o
                0x000000001000000c                x0
 .data.x1       0x0000000010000010        0x4 ./src/extint.o
                0x0000000010000010                x1
 .data.x2       0x0000000010000014        0x4 ./src/extint.o
                0x0000000010000014                x2
 .data.x3       0x0000000010000018        0x4 ./src/extint.o
                0x0000000010000018                x3
 .data.y0       0x000000001000001c        0x4 ./src/extint.o
                0x000000001000001c                y0
 .data.y1       0x0000000010000020        0x4 ./src/extint.o
                0x0000000010000020                y1
 .data.y2       0x0000000010000024        0x4 ./src/extint.o
                0x0000000010000024                y2
 .data.y3       0x0000000010000028        0x4 ./src/extint.o
                0x0000000010000028                y3
 .data.UART0TxEmpty
                0x000000001000002c        0x1 ./src/uart.o
                0x000000001000002c                UART0TxEmpty
 .data.UART1TxEmpty
                0x000000001000002d        0x1 ./src/uart.o
                0x000000001000002d                UART1TxEmpty
 .data.UART3TxEmpty
                0x000000001000002e        0x1 ./src/uart.o
                0x000000001000002e                UART3TxEmpty
                0x0000000010000030                . = ALIGN (0x4)
 *fill*         0x000000001000002f        0x1 ff
                0x0000000010000030                _edata = .

.igot.plt       0x0000000010000030        0x0 load address 0x0000000000003d74
 .igot.plt      0x0000000010000030        0x0 ./src/IR_EXTINT.o

.bss_RAM2       0x000000002007c000        0x0
                [!provide]                        PROVIDE (__start_bss_RAM2, .)
 *(.bss.$RAM2*)
 *(.bss.$RamAHB32*)
                0x000000002007c000                . = ALIGN ((. != 0x0)?0x4:0x1)
                [!provide]                        PROVIDE (__end_bss_RAM2, .)

.bss            0x0000000010000030      0x330
                0x0000000010000030                _bss = .
 *(.bss*)
 .bss.key_count1
                0x0000000010000030        0x4 ./src/extint.o
                0x0000000010000030                key_count1
 .bss.key_count
                0x0000000010000034        0x4 ./src/extint.o
                0x0000000010000034                key_count
 .bss.spicy_memes
                0x0000000010000038        0x4 ./src/extint.o
                0x0000000010000038                spicy_memes
 .bss.interrupt0RxStat
                0x000000001000003c        0x4 ./src/ssp.o
                0x000000001000003c                interrupt0RxStat
 .bss.interrupt0OverRunStat
                0x0000000010000040        0x4 ./src/ssp.o
                0x0000000010000040                interrupt0OverRunStat
 .bss.interrupt0RxTimeoutStat
                0x0000000010000044        0x4 ./src/ssp.o
                0x0000000010000044                interrupt0RxTimeoutStat
 .bss.interrupt1RxStat
                0x0000000010000048        0x4 ./src/ssp.o
                0x0000000010000048                interrupt1RxStat
 .bss.interrupt1OverRunStat
                0x000000001000004c        0x4 ./src/ssp.o
                0x000000001000004c                interrupt1OverRunStat
 .bss.interrupt1RxTimeoutStat
                0x0000000010000050        0x4 ./src/ssp.o
                0x0000000010000050                interrupt1RxTimeoutStat
 .bss.timer0_m0_counter
                0x0000000010000054        0x4 ./src/timer.o
                0x0000000010000054                timer0_m0_counter
 .bss.timer1_m0_counter
                0x0000000010000058        0x4 ./src/timer.o
                0x0000000010000058                timer1_m0_counter
 .bss.timer0_m1_counter
                0x000000001000005c        0x4 ./src/timer.o
                0x000000001000005c                timer0_m1_counter
 .bss.timer1_m1_counter
                0x0000000010000060        0x4 ./src/timer.o
                0x0000000010000060                timer1_m1_counter
 .bss.timer0_capture0
                0x0000000010000064        0x4 ./src/timer.o
                0x0000000010000064                timer0_capture0
 .bss.timer1_capture0
                0x0000000010000068        0x4 ./src/timer.o
                0x0000000010000068                timer1_capture0
 .bss.timer0_capture1
                0x000000001000006c        0x4 ./src/timer.o
                0x000000001000006c                timer0_capture1
 .bss.timer1_capture1
                0x0000000010000070        0x4 ./src/timer.o
                0x0000000010000070                timer1_capture1
 .bss.UART0Count
                0x0000000010000074        0x4 ./src/uart.o
                0x0000000010000074                UART0Count
 .bss.UART1Count
                0x0000000010000078        0x4 ./src/uart.o
                0x0000000010000078                UART1Count
 .bss.UART3Count
                0x000000001000007c        0x4 ./src/uart.o
                0x000000001000007c                UART3Count
 .bss.errno     0x0000000010000080        0x4 /Applications/MCUXpressoIDE_10.0.2_411/ide/tools/bin/../lib/gcc/arm-none-eabi/5.4.1/../../../../arm-none-eabi/lib/armv7-m/libcr_c.a(errno.o)
                0x0000000010000080                errno
 .bss.__heaps   0x0000000010000084        0x4 /Applications/MCUXpressoIDE_10.0.2_411/ide/tools/bin/../lib/gcc/arm-none-eabi/5.4.1/../../../../arm-none-eabi/lib/armv7-m/libcr_c.a(__init_alloc.o)
                0x0000000010000084                __heaps
 .bss.__end_of_heap
                0x0000000010000088        0x4 /Applications/MCUXpressoIDE_10.0.2_411/ide/tools/bin/../lib/gcc/arm-none-eabi/5.4.1/../../../../arm-none-eabi/lib/armv7-m/libcr_c.a(__init_alloc.o)
                0x0000000010000088                __end_of_heap
 .bss.__Ciob    0x000000001000008c      0x1e0 /Applications/MCUXpressoIDE_10.0.2_411/ide/tools/bin/../lib/gcc/arm-none-eabi/5.4.1/../../../../arm-none-eabi/lib/armv7-m/libcr_semihost.a(__ciob.o)
                0x000000001000008c                __Ciob
 *(COMMON)
 COMMON         0x000000001000026c       0x20 ./src/IR_EXTINT.o
                0x000000001000026c                dest_addr
                0x000000001000027c                src_addr
 COMMON         0x000000001000028c        0x8 ./src/extint.o
                0x000000001000028c                eint0_counter
                0x0000000010000290                start
 COMMON         0x0000000010000294       0xcc ./src/uart.o
                0x0000000010000294                UART1Buffer
                0x00000000100002d4                UART3Status
                0x00000000100002d8                UART0Buffer
                0x0000000010000318                UART1Status
                0x000000001000031c                UART3Buffer
                0x000000001000035c                UART0Status
                0x0000000010000360                . = ALIGN (0x4)
                0x0000000010000360                _ebss = .
                [!provide]                        PROVIDE (end, .)

.noinit_RAM2    0x000000002007c000        0x0
 *(.noinit.$RAM2*)
 *(.noinit.$RamAHB32*)
                0x000000002007c000                . = ALIGN (0x4)

.noinit         0x0000000010000360        0x0
                0x0000000010000360                _noinit = .
 *(.noinit*)
                0x0000000010000360                . = ALIGN (0x4)
                0x0000000010000360                _end_noinit = .
                0x0000000010000360                PROVIDE (_pvHeapStart, DEFINED (__user_heap_base)?__user_heap_base:.)
                0x0000000010008000                PROVIDE (_vStackTop, DEFINED (__user_stack_top)?__user_stack_top:(__top_RamLoc32 - 0x0))
                [!provide]                        PROVIDE (__valid_user_code_checksum, (0x0 - ((((((_vStackTop + (ResetISR + 0x1)) + (NMI_Handler + 0x1)) + (HardFault_Handler + 0x1)) + (DEFINED (MemManage_Handler)?MemManage_Handler:0x0 + 0x1)) + (DEFINED (BusFault_Handler)?BusFault_Handler:0x0 + 0x1)) + (DEFINED (UsageFault_Handler)?UsageFault_Handler:0x0 + 0x1))))
OUTPUT(IR_EXTINT.axf elf32-littlearm)

.debug_info     0x0000000000000000     0x3d67
 .debug_info    0x0000000000000000      0x665 ./src/IR_EXTINT.o
 .debug_info    0x0000000000000665      0x250 ./src/cr_startup_lpc175x_6x.o
 .debug_info    0x00000000000008b5       0x3f ./src/crp.o
 .debug_info    0x00000000000008f4      0xcca ./src/extint.o
 .debug_info    0x00000000000015be      0xc4e ./src/ssp.o
 .debug_info    0x000000000000220c      0xa27 ./src/timer.o
 .debug_info    0x0000000000002c33      0xe1c ./src/uart.o
 .debug_info    0x0000000000003a4f      0x318 /Users/TroyKurniawan/Documents/MCUXpressoIDE_10.0.2/workspace/CMSIS_CORE_LPC17xx/Debug/libCMSIS_CORE_LPC17xx.a(system_LPC17xx.o)

.debug_abbrev   0x0000000000000000      0xc71
 .debug_abbrev  0x0000000000000000      0x17b ./src/IR_EXTINT.o
 .debug_abbrev  0x000000000000017b       0xf5 ./src/cr_startup_lpc175x_6x.o
 .debug_abbrev  0x0000000000000270       0x36 ./src/crp.o
 .debug_abbrev  0x00000000000002a6      0x23f ./src/extint.o
 .debug_abbrev  0x00000000000004e5      0x270 ./src/ssp.o
 .debug_abbrev  0x0000000000000755      0x205 ./src/timer.o
 .debug_abbrev  0x000000000000095a      0x231 ./src/uart.o
 .debug_abbrev  0x0000000000000b8b       0xe6 /Users/TroyKurniawan/Documents/MCUXpressoIDE_10.0.2/workspace/CMSIS_CORE_LPC17xx/Debug/libCMSIS_CORE_LPC17xx.a(system_LPC17xx.o)

.debug_aranges  0x0000000000000000      0x268
 .debug_aranges
                0x0000000000000000       0x70 ./src/IR_EXTINT.o
 .debug_aranges
                0x0000000000000070       0x80 ./src/cr_startup_lpc175x_6x.o
 .debug_aranges
                0x00000000000000f0       0x18 ./src/crp.o
 .debug_aranges
                0x0000000000000108       0x38 ./src/extint.o
 .debug_aranges
                0x0000000000000140       0x60 ./src/ssp.o
 .debug_aranges
                0x00000000000001a0       0x58 ./src/timer.o
 .debug_aranges
                0x00000000000001f8       0x48 ./src/uart.o
 .debug_aranges
                0x0000000000000240       0x28 /Users/TroyKurniawan/Documents/MCUXpressoIDE_10.0.2/workspace/CMSIS_CORE_LPC17xx/Debug/libCMSIS_CORE_LPC17xx.a(system_LPC17xx.o)

.debug_ranges   0x0000000000000000      0x1e0
 .debug_ranges  0x0000000000000000       0x60 ./src/IR_EXTINT.o
 .debug_ranges  0x0000000000000060       0x70 ./src/cr_startup_lpc175x_6x.o
 .debug_ranges  0x00000000000000d0       0x28 ./src/extint.o
 .debug_ranges  0x00000000000000f8       0x50 ./src/ssp.o
 .debug_ranges  0x0000000000000148       0x48 ./src/timer.o
 .debug_ranges  0x0000000000000190       0x38 ./src/uart.o
 .debug_ranges  0x00000000000001c8       0x18 /Users/TroyKurniawan/Documents/MCUXpressoIDE_10.0.2/workspace/CMSIS_CORE_LPC17xx/Debug/libCMSIS_CORE_LPC17xx.a(system_LPC17xx.o)

.debug_macro    0x0000000000000000     0x341c
 .debug_macro   0x0000000000000000      0x173 ./src/IR_EXTINT.o
 .debug_macro   0x0000000000000173      0x88c ./src/IR_EXTINT.o
 .debug_macro   0x00000000000009ff       0x1c ./src/IR_EXTINT.o
 .debug_macro   0x0000000000000a1b       0x3a ./src/IR_EXTINT.o
 .debug_macro   0x0000000000000a55       0x10 ./src/IR_EXTINT.o
 .debug_macro   0x0000000000000a65      0x12d ./src/IR_EXTINT.o
 .debug_macro   0x0000000000000b92      0x5b2 ./src/IR_EXTINT.o
 .debug_macro   0x0000000000001144       0x2d ./src/IR_EXTINT.o
 .debug_macro   0x0000000000001171      0xbb1 ./src/IR_EXTINT.o
 .debug_macro   0x0000000000001d22      0x2c7 ./src/IR_EXTINT.o
 .debug_macro   0x0000000000001fe9       0x1c ./src/IR_EXTINT.o
 .debug_macro   0x0000000000002005       0x70 ./src/IR_EXTINT.o
 .debug_macro   0x0000000000002075       0x52 ./src/IR_EXTINT.o
 .debug_macro   0x00000000000020c7       0x1c ./src/IR_EXTINT.o
 .debug_macro   0x00000000000020e3       0x10 ./src/IR_EXTINT.o
 .debug_macro   0x00000000000020f3       0x82 ./src/IR_EXTINT.o
 .debug_macro   0x0000000000002175       0x9a ./src/IR_EXTINT.o
 .debug_macro   0x000000000000220f       0x34 ./src/IR_EXTINT.o
 .debug_macro   0x0000000000002243      0x118 ./src/IR_EXTINT.o
 .debug_macro   0x000000000000235b       0x22 ./src/IR_EXTINT.o
 .debug_macro   0x000000000000237d       0xc4 ./src/IR_EXTINT.o
 .debug_macro   0x0000000000002441       0x1d ./src/cr_startup_lpc175x_6x.o
 .debug_macro   0x000000000000245e       0x1a ./src/crp.o
 .debug_macro   0x0000000000002478      0x173 ./src/extint.o
 .debug_macro   0x00000000000025eb       0x1c ./src/extint.o
 .debug_macro   0x0000000000002607      0x2c7 ./src/extint.o
 .debug_macro   0x00000000000028ce       0x81 ./src/ssp.o
 .debug_macro   0x000000000000294f       0x8a ./src/timer.o
 .debug_macro   0x00000000000029d9       0x8a ./src/uart.o
 .debug_macro   0x0000000000002a63      0x12d /Users/TroyKurniawan/Documents/MCUXpressoIDE_10.0.2/workspace/CMSIS_CORE_LPC17xx/Debug/libCMSIS_CORE_LPC17xx.a(system_LPC17xx.o)
 .debug_macro   0x0000000000002b90      0x88c /Users/TroyKurniawan/Documents/MCUXpressoIDE_10.0.2/workspace/CMSIS_CORE_LPC17xx/Debug/libCMSIS_CORE_LPC17xx.a(system_LPC17xx.o)

.debug_line     0x0000000000000000     0x146f
 .debug_line    0x0000000000000000      0x40b ./src/IR_EXTINT.o
 .debug_line    0x000000000000040b       0xd5 ./src/cr_startup_lpc175x_6x.o
 .debug_line    0x00000000000004e0       0x7c ./src/crp.o
 .debug_line    0x000000000000055c      0x3cf ./src/extint.o
 .debug_line    0x000000000000092b      0x322 ./src/ssp.o
 .debug_line    0x0000000000000c4d      0x309 ./src/timer.o
 .debug_line    0x0000000000000f56      0x2f0 ./src/uart.o
 .debug_line    0x0000000000001246      0x229 /Users/TroyKurniawan/Documents/MCUXpressoIDE_10.0.2/workspace/CMSIS_CORE_LPC17xx/Debug/libCMSIS_CORE_LPC17xx.a(system_LPC17xx.o)

.debug_str      0x0000000000000000     0xba46
 .debug_str     0x0000000000000000     0xaa3b ./src/IR_EXTINT.o
                                       0xaae9 (size before relaxing)
 .debug_str     0x000000000000aa3b      0x1c2 ./src/cr_startup_lpc175x_6x.o
                                       0x26b7 (size before relaxing)
 .debug_str     0x000000000000abfd       0x16 ./src/crp.o
                                       0x25cf (size before relaxing)
 .debug_str     0x000000000000ac13      0x58a ./src/extint.o
                                       0xafda (size before relaxing)
 .debug_str     0x000000000000b19d      0x134 ./src/ssp.o
                                       0x9f17 (size before relaxing)
 .debug_str     0x000000000000b2d1      0x1d8 ./src/timer.o
                                       0x9bed (size before relaxing)
 .debug_str     0x000000000000b4a9      0x196 ./src/uart.o
                                       0x9c70 (size before relaxing)
 .debug_str     0x000000000000b63f      0x407 /Users/TroyKurniawan/Documents/MCUXpressoIDE_10.0.2/workspace/CMSIS_CORE_LPC17xx/Debug/libCMSIS_CORE_LPC17xx.a(system_LPC17xx.o)
                                       0x9925 (size before relaxing)

.comment        0x0000000000000000       0x6e
 .comment       0x0000000000000000       0x6e ./src/IR_EXTINT.o
                                         0x6f (size before relaxing)
 .comment       0x000000000000006e       0x6f ./src/cr_startup_lpc175x_6x.o
 .comment       0x000000000000006e       0x6f ./src/crp.o
 .comment       0x000000000000006e       0x6f ./src/extint.o
 .comment       0x000000000000006e       0x6f ./src/ssp.o
 .comment       0x000000000000006e       0x6f ./src/timer.o
 .comment       0x000000000000006e       0x6f ./src/uart.o
 .comment       0x000000000000006e       0x6f /Users/TroyKurniawan/Documents/MCUXpressoIDE_10.0.2/workspace/CMSIS_CORE_LPC17xx/Debug/libCMSIS_CORE_LPC17xx.a(system_LPC17xx.o)
 .comment       0x000000000000006e       0x6f /Applications/MCUXpressoIDE_10.0.2_411/ide/tools/bin/../lib/gcc/arm-none-eabi/5.4.1/../../../../arm-none-eabi/lib/armv7-m/libcr_semihost.a(_cr__main.o)
 .comment       0x000000000000006e       0x6f /Applications/MCUXpressoIDE_10.0.2_411/ide/tools/bin/../lib/gcc/arm-none-eabi/5.4.1/../../../../arm-none-eabi/lib/armv7-m/libcr_c.a(fpprintf.o)
 .comment       0x000000000000006e       0x6f /Applications/MCUXpressoIDE_10.0.2_411/ide/tools/bin/../lib/gcc/arm-none-eabi/5.4.1/../../../../arm-none-eabi/lib/armv7-m/libcr_c.a(initio.o)
 .comment       0x000000000000006e       0x6f /Applications/MCUXpressoIDE_10.0.2_411/ide/tools/bin/../lib/gcc/arm-none-eabi/5.4.1/../../../../arm-none-eabi/lib/armv7-m/libcr_c.a(printf.o)
 .comment       0x000000000000006e       0x6f /Applications/MCUXpressoIDE_10.0.2_411/ide/tools/bin/../lib/gcc/arm-none-eabi/5.4.1/../../../../arm-none-eabi/lib/armv7-m/libcr_c.a(puts.o)
 .comment       0x000000000000006e       0x6f /Applications/MCUXpressoIDE_10.0.2_411/ide/tools/bin/../lib/gcc/arm-none-eabi/5.4.1/../../../../arm-none-eabi/lib/armv7-m/libcr_c.a(setvbuf.o)
 .comment       0x000000000000006e       0x6f /Applications/MCUXpressoIDE_10.0.2_411/ide/tools/bin/../lib/gcc/arm-none-eabi/5.4.1/../../../../arm-none-eabi/lib/armv7-m/libcr_c.a(stdlib.o)
 .comment       0x000000000000006e       0x6f /Applications/MCUXpressoIDE_10.0.2_411/ide/tools/bin/../lib/gcc/arm-none-eabi/5.4.1/../../../../arm-none-eabi/lib/armv7-m/libcr_c.a(strlen.o)
 .comment       0x000000000000006e       0x6f /Applications/MCUXpressoIDE_10.0.2_411/ide/tools/bin/../lib/gcc/arm-none-eabi/5.4.1/../../../../arm-none-eabi/lib/armv7-m/libcr_c.a(memset.o)
 .comment       0x000000000000006e       0x6f /Applications/MCUXpressoIDE_10.0.2_411/ide/tools/bin/../lib/gcc/arm-none-eabi/5.4.1/../../../../arm-none-eabi/lib/armv7-m/libcr_c.a(_deferredlazyseek.o)
 .comment       0x000000000000006e       0x6f /Applications/MCUXpressoIDE_10.0.2_411/ide/tools/bin/../lib/gcc/arm-none-eabi/5.4.1/../../../../arm-none-eabi/lib/armv7-m/libcr_c.a(_fdopen.o)
 .comment       0x000000000000006e       0x6f /Applications/MCUXpressoIDE_10.0.2_411/ide/tools/bin/../lib/gcc/arm-none-eabi/5.4.1/../../../../arm-none-eabi/lib/armv7-m/libcr_c.a(_fflush.o)
 .comment       0x000000000000006e       0x6f /Applications/MCUXpressoIDE_10.0.2_411/ide/tools/bin/../lib/gcc/arm-none-eabi/5.4.1/../../../../arm-none-eabi/lib/armv7-m/libcr_c.a(_frexpl.o)
 .comment       0x000000000000006e       0x6f /Applications/MCUXpressoIDE_10.0.2_411/ide/tools/bin/../lib/gcc/arm-none-eabi/5.4.1/../../../../arm-none-eabi/lib/armv7-m/libcr_c.a(_ldexpl.o)
 .comment       0x000000000000006e       0x6f /Applications/MCUXpressoIDE_10.0.2_411/ide/tools/bin/../lib/gcc/arm-none-eabi/5.4.1/../../../../arm-none-eabi/lib/armv7-m/libcr_c.a(_writebuf.o)
 .comment       0x000000000000006e       0x6f /Applications/MCUXpressoIDE_10.0.2_411/ide/tools/bin/../lib/gcc/arm-none-eabi/5.4.1/../../../../arm-none-eabi/lib/armv7-m/libcr_c.a(alloc.o)
 .comment       0x000000000000006e       0x6f /Applications/MCUXpressoIDE_10.0.2_411/ide/tools/bin/../lib/gcc/arm-none-eabi/5.4.1/../../../../arm-none-eabi/lib/armv7-m/libcr_c.a(errno.o)
 .comment       0x000000000000006e       0x6f /Applications/MCUXpressoIDE_10.0.2_411/ide/tools/bin/../lib/gcc/arm-none-eabi/5.4.1/../../../../arm-none-eabi/lib/armv7-m/libcr_c.a(fclose.o)
 .comment       0x000000000000006e       0x6f /Applications/MCUXpressoIDE_10.0.2_411/ide/tools/bin/../lib/gcc/arm-none-eabi/5.4.1/../../../../arm-none-eabi/lib/armv7-m/libcr_c.a(fflush.o)
 .comment       0x000000000000006e       0x6f /Applications/MCUXpressoIDE_10.0.2_411/ide/tools/bin/../lib/gcc/arm-none-eabi/5.4.1/../../../../arm-none-eabi/lib/armv7-m/libcr_c.a(fseek.o)
 .comment       0x000000000000006e       0x6f /Applications/MCUXpressoIDE_10.0.2_411/ide/tools/bin/../lib/gcc/arm-none-eabi/5.4.1/../../../../arm-none-eabi/lib/armv7-m/libcr_c.a(ftell.o)
 .comment       0x000000000000006e       0x6f /Applications/MCUXpressoIDE_10.0.2_411/ide/tools/bin/../lib/gcc/arm-none-eabi/5.4.1/../../../../arm-none-eabi/lib/armv7-m/libcr_c.a(remove.o)
 .comment       0x000000000000006e       0x6f /Applications/MCUXpressoIDE_10.0.2_411/ide/tools/bin/../lib/gcc/arm-none-eabi/5.4.1/../../../../arm-none-eabi/lib/armv7-m/libcr_c.a(__init_alloc.o)
 .comment       0x000000000000006e       0x6f /Applications/MCUXpressoIDE_10.0.2_411/ide/tools/bin/../lib/gcc/arm-none-eabi/5.4.1/../../../../arm-none-eabi/lib/armv7-m/libcr_c.a(_cr_sbrk.o)
 .comment       0x000000000000006e       0x6f /Applications/MCUXpressoIDE_10.0.2_411/ide/tools/bin/../lib/gcc/arm-none-eabi/5.4.1/../../../../arm-none-eabi/lib/armv7-m/libcr_c.a(_do_fflush.o)
 .comment       0x000000000000006e       0x6f /Applications/MCUXpressoIDE_10.0.2_411/ide/tools/bin/../lib/gcc/arm-none-eabi/5.4.1/../../../../arm-none-eabi/lib/armv7-m/libcr_c.a(_hugeval.o)
 .comment       0x000000000000006e       0x6f /Applications/MCUXpressoIDE_10.0.2_411/ide/tools/bin/../lib/gcc/arm-none-eabi/5.4.1/../../../../arm-none-eabi/lib/armv7-m/libcr_c.a(_cr_check_heap.o)
 .comment       0x000000000000006e       0x6f /Applications/MCUXpressoIDE_10.0.2_411/ide/tools/bin/../lib/gcc/arm-none-eabi/5.4.1/armv7-m/libcr_eabihelpers.a(double.o)
 .comment       0x000000000000006e       0x6f /Applications/MCUXpressoIDE_10.0.2_411/ide/tools/bin/../lib/gcc/arm-none-eabi/5.4.1/../../../../arm-none-eabi/lib/armv7-m/libcr_semihost.a(__ciob.o)

.ARM.attributes
                0x0000000000000000       0x31
 .ARM.attributes
                0x0000000000000000       0x33 ./src/IR_EXTINT.o
 .ARM.attributes
                0x0000000000000033       0x33 ./src/cr_startup_lpc175x_6x.o
 .ARM.attributes
                0x0000000000000066       0x33 ./src/crp.o
 .ARM.attributes
                0x0000000000000099       0x33 ./src/extint.o
 .ARM.attributes
                0x00000000000000cc       0x33 ./src/ssp.o
 .ARM.attributes
                0x00000000000000ff       0x33 ./src/timer.o
 .ARM.attributes
                0x0000000000000132       0x33 ./src/uart.o
 .ARM.attributes
                0x0000000000000165       0x33 /Users/TroyKurniawan/Documents/MCUXpressoIDE_10.0.2/workspace/CMSIS_CORE_LPC17xx/Debug/libCMSIS_CORE_LPC17xx.a(system_LPC17xx.o)
 .ARM.attributes
                0x0000000000000198       0x33 /Applications/MCUXpressoIDE_10.0.2_411/ide/tools/bin/../lib/gcc/arm-none-eabi/5.4.1/../../../../arm-none-eabi/lib/armv7-m/libcr_semihost.a(_cr__main.o)
 .ARM.attributes
                0x00000000000001cb       0x33 /Applications/MCUXpressoIDE_10.0.2_411/ide/tools/bin/../lib/gcc/arm-none-eabi/5.4.1/../../../../arm-none-eabi/lib/armv7-m/libcr_c.a(fpprintf.o)
 .ARM.attributes
                0x00000000000001fe       0x33 /Applications/MCUXpressoIDE_10.0.2_411/ide/tools/bin/../lib/gcc/arm-none-eabi/5.4.1/../../../../arm-none-eabi/lib/armv7-m/libcr_c.a(initio.o)
 .ARM.attributes
                0x0000000000000231       0x33 /Applications/MCUXpressoIDE_10.0.2_411/ide/tools/bin/../lib/gcc/arm-none-eabi/5.4.1/../../../../arm-none-eabi/lib/armv7-m/libcr_c.a(printf.o)
 .ARM.attributes
                0x0000000000000264       0x33 /Applications/MCUXpressoIDE_10.0.2_411/ide/tools/bin/../lib/gcc/arm-none-eabi/5.4.1/../../../../arm-none-eabi/lib/armv7-m/libcr_c.a(puts.o)
 .ARM.attributes
                0x0000000000000297       0x33 /Applications/MCUXpressoIDE_10.0.2_411/ide/tools/bin/../lib/gcc/arm-none-eabi/5.4.1/../../../../arm-none-eabi/lib/armv7-m/libcr_c.a(setvbuf.o)
 .ARM.attributes
                0x00000000000002ca       0x33 /Applications/MCUXpressoIDE_10.0.2_411/ide/tools/bin/../lib/gcc/arm-none-eabi/5.4.1/../../../../arm-none-eabi/lib/armv7-m/libcr_c.a(stdlib.o)
 .ARM.attributes
                0x00000000000002fd       0x33 /Applications/MCUXpressoIDE_10.0.2_411/ide/tools/bin/../lib/gcc/arm-none-eabi/5.4.1/../../../../arm-none-eabi/lib/armv7-m/libcr_c.a(strlen.o)
 .ARM.attributes
                0x0000000000000330       0x33 /Applications/MCUXpressoIDE_10.0.2_411/ide/tools/bin/../lib/gcc/arm-none-eabi/5.4.1/../../../../arm-none-eabi/lib/armv7-m/libcr_c.a(memset.o)
 .ARM.attributes
                0x0000000000000363       0x33 /Applications/MCUXpressoIDE_10.0.2_411/ide/tools/bin/../lib/gcc/arm-none-eabi/5.4.1/../../../../arm-none-eabi/lib/armv7-m/libcr_c.a(_deferredlazyseek.o)
 .ARM.attributes
                0x0000000000000396       0x33 /Applications/MCUXpressoIDE_10.0.2_411/ide/tools/bin/../lib/gcc/arm-none-eabi/5.4.1/../../../../arm-none-eabi/lib/armv7-m/libcr_c.a(_fdopen.o)
 .ARM.attributes
                0x00000000000003c9       0x33 /Applications/MCUXpressoIDE_10.0.2_411/ide/tools/bin/../lib/gcc/arm-none-eabi/5.4.1/../../../../arm-none-eabi/lib/armv7-m/libcr_c.a(_fflush.o)
 .ARM.attributes
                0x00000000000003fc       0x33 /Applications/MCUXpressoIDE_10.0.2_411/ide/tools/bin/../lib/gcc/arm-none-eabi/5.4.1/../../../../arm-none-eabi/lib/armv7-m/libcr_c.a(_frexpl.o)
 .ARM.attributes
                0x000000000000042f       0x33 /Applications/MCUXpressoIDE_10.0.2_411/ide/tools/bin/../lib/gcc/arm-none-eabi/5.4.1/../../../../arm-none-eabi/lib/armv7-m/libcr_c.a(_ldexpl.o)
 .ARM.attributes
                0x0000000000000462       0x33 /Applications/MCUXpressoIDE_10.0.2_411/ide/tools/bin/../lib/gcc/arm-none-eabi/5.4.1/../../../../arm-none-eabi/lib/armv7-m/libcr_c.a(_writebuf.o)
 .ARM.attributes
                0x0000000000000495       0x33 /Applications/MCUXpressoIDE_10.0.2_411/ide/tools/bin/../lib/gcc/arm-none-eabi/5.4.1/../../../../arm-none-eabi/lib/armv7-m/libcr_c.a(alloc.o)
 .ARM.attributes
                0x00000000000004c8       0x33 /Applications/MCUXpressoIDE_10.0.2_411/ide/tools/bin/../lib/gcc/arm-none-eabi/5.4.1/../../../../arm-none-eabi/lib/armv7-m/libcr_c.a(errno.o)
 .ARM.attributes
                0x00000000000004fb       0x33 /Applications/MCUXpressoIDE_10.0.2_411/ide/tools/bin/../lib/gcc/arm-none-eabi/5.4.1/../../../../arm-none-eabi/lib/armv7-m/libcr_c.a(fclose.o)
 .ARM.attributes
                0x000000000000052e       0x33 /Applications/MCUXpressoIDE_10.0.2_411/ide/tools/bin/../lib/gcc/arm-none-eabi/5.4.1/../../../../arm-none-eabi/lib/armv7-m/libcr_c.a(fflush.o)
 .ARM.attributes
                0x0000000000000561       0x33 /Applications/MCUXpressoIDE_10.0.2_411/ide/tools/bin/../lib/gcc/arm-none-eabi/5.4.1/../../../../arm-none-eabi/lib/armv7-m/libcr_c.a(fseek.o)
 .ARM.attributes
                0x0000000000000594       0x33 /Applications/MCUXpressoIDE_10.0.2_411/ide/tools/bin/../lib/gcc/arm-none-eabi/5.4.1/../../../../arm-none-eabi/lib/armv7-m/libcr_c.a(ftell.o)
 .ARM.attributes
                0x00000000000005c7       0x33 /Applications/MCUXpressoIDE_10.0.2_411/ide/tools/bin/../lib/gcc/arm-none-eabi/5.4.1/../../../../arm-none-eabi/lib/armv7-m/libcr_c.a(remove.o)
 .ARM.attributes
                0x00000000000005fa       0x33 /Applications/MCUXpressoIDE_10.0.2_411/ide/tools/bin/../lib/gcc/arm-none-eabi/5.4.1/../../../../arm-none-eabi/lib/armv7-m/libcr_c.a(__init_alloc.o)
 .ARM.attributes
                0x000000000000062d       0x33 /Applications/MCUXpressoIDE_10.0.2_411/ide/tools/bin/../lib/gcc/arm-none-eabi/5.4.1/../../../../arm-none-eabi/lib/armv7-m/libcr_c.a(_cr_sbrk.o)
 .ARM.attributes
                0x0000000000000660       0x33 /Applications/MCUXpressoIDE_10.0.2_411/ide/tools/bin/../lib/gcc/arm-none-eabi/5.4.1/../../../../arm-none-eabi/lib/armv7-m/libcr_c.a(_do_fflush.o)
 .ARM.attributes
                0x0000000000000693       0x33 /Applications/MCUXpressoIDE_10.0.2_411/ide/tools/bin/../lib/gcc/arm-none-eabi/5.4.1/../../../../arm-none-eabi/lib/armv7-m/libcr_c.a(_hugeval.o)
 .ARM.attributes
                0x00000000000006c6       0x33 /Applications/MCUXpressoIDE_10.0.2_411/ide/tools/bin/../lib/gcc/arm-none-eabi/5.4.1/../../../../arm-none-eabi/lib/armv7-m/libcr_c.a(_cr_check_heap.o)
 .ARM.attributes
                0x00000000000006f9       0x33 /Applications/MCUXpressoIDE_10.0.2_411/ide/tools/bin/../lib/gcc/arm-none-eabi/5.4.1/armv7-m/libcr_eabihelpers.a(double.o)
 .ARM.attributes
                0x000000000000072c       0x21 /Applications/MCUXpressoIDE_10.0.2_411/ide/tools/bin/../lib/gcc/arm-none-eabi/5.4.1/armv7-m/libcr_eabihelpers.a(memcpy.o)
 .ARM.attributes
                0x000000000000074d       0x33 /Applications/MCUXpressoIDE_10.0.2_411/ide/tools/bin/../lib/gcc/arm-none-eabi/5.4.1/../../../../arm-none-eabi/lib/armv7-m/libcr_semihost.a(__ciob.o)
 .ARM.attributes
                0x0000000000000780       0x21 /Applications/MCUXpressoIDE_10.0.2_411/ide/tools/bin/../lib/gcc/arm-none-eabi/5.4.1/../../../../arm-none-eabi/lib/armv7-m/libcr_semihost.a(__sys_appexit.o)
 .ARM.attributes
                0x00000000000007a1       0x21 /Applications/MCUXpressoIDE_10.0.2_411/ide/tools/bin/../lib/gcc/arm-none-eabi/5.4.1/../../../../arm-none-eabi/lib/armv7-m/libcr_semihost.a(__sys_close.o)
 .ARM.attributes
                0x00000000000007c2       0x21 /Applications/MCUXpressoIDE_10.0.2_411/ide/tools/bin/../lib/gcc/arm-none-eabi/5.4.1/../../../../arm-none-eabi/lib/armv7-m/libcr_semihost.a(__sys_flen.o)
 .ARM.attributes
                0x00000000000007e3       0x21 /Applications/MCUXpressoIDE_10.0.2_411/ide/tools/bin/../lib/gcc/arm-none-eabi/5.4.1/../../../../arm-none-eabi/lib/armv7-m/libcr_semihost.a(__sys_istty.o)
 .ARM.attributes
                0x0000000000000804       0x21 /Applications/MCUXpressoIDE_10.0.2_411/ide/tools/bin/../lib/gcc/arm-none-eabi/5.4.1/../../../../arm-none-eabi/lib/armv7-m/libcr_semihost.a(__sys_remove.o)
 .ARM.attributes
                0x0000000000000825       0x21 /Applications/MCUXpressoIDE_10.0.2_411/ide/tools/bin/../lib/gcc/arm-none-eabi/5.4.1/../../../../arm-none-eabi/lib/armv7-m/libcr_semihost.a(__sys_seek.o)
 .ARM.attributes
                0x0000000000000846       0x21 /Applications/MCUXpressoIDE_10.0.2_411/ide/tools/bin/../lib/gcc/arm-none-eabi/5.4.1/../../../../arm-none-eabi/lib/armv7-m/libcr_semihost.a(__sys_tmpnam.o)
 .ARM.attributes
                0x0000000000000867       0x21 /Applications/MCUXpressoIDE_10.0.2_411/ide/tools/bin/../lib/gcc/arm-none-eabi/5.4.1/../../../../arm-none-eabi/lib/armv7-m/libcr_semihost.a(__sys_write.o)

.debug_frame    0x0000000000000000      0x79c
 .debug_frame   0x0000000000000000      0x1a4 ./src/IR_EXTINT.o
 .debug_frame   0x00000000000001a4      0x170 ./src/cr_startup_lpc175x_6x.o
 .debug_frame   0x0000000000000314       0xa4 ./src/extint.o
 .debug_frame   0x00000000000003b8      0x170 ./src/ssp.o
 .debug_frame   0x0000000000000528      0x13c ./src/timer.o
 .debug_frame   0x0000000000000664       0xfc ./src/uart.o
 .debug_frame   0x0000000000000760       0x3c /Users/TroyKurniawan/Documents/MCUXpressoIDE_10.0.2/workspace/CMSIS_CORE_LPC17xx/Debug/libCMSIS_CORE_LPC17xx.a(system_LPC17xx.o)
